
[1m[46m RUN [49m[22m [36mv4.1.3 [39m[90mC:/GitRepos/strata-client/frontend[39m

node.exe : [90mstderr[2m | src/__tests__/AdminSettings.test.tsx[2m > [22m[2mAdminSettings[2m > [22m[2mrenders heading
At line:1 char:1
+ & "C:\Program Files\nodejs/node.exe" "C:\Program Files\nodejs/node_mo ...
+ ~~~~~~~~~~~~~~~~~~~~~~~~~~~~~~~~~~~~~~~~~~~~~~~~~~~~~~~~~~~~~~~~~~~~~
    + CategoryInfo          : NotSpecified: ([90mstderr[2m...renders heading:String) [], RemoteException
    + FullyQualifiedErrorId : NativeCommandError
 
[22m[39mÔÜá´©Å React Router Future Flag Warning: React Router will begin wrapping state updates in `React.startTransition` in v7. You 
can use the `v7_startTransition` future flag to opt-in early. For more information, see 
https://reactrouter.com/v6/upgrading/future#v7_starttransition.
ÔÜá´©Å React Router Future Flag Warning: Relative route resolution within Splat routes is changing in v7. You can use the 
`v7_relativeSplatPath` future flag to opt-in early. For more information, see 
https://reactrouter.com/v6/upgrading/future#v7_relativesplatpath.

[90mstderr[2m | src/__tests__/AdminSettings.test.tsx[2m > [22m[2mAdminSettings[2m > [22m[2mrenders all tab buttons
[22m[39mWarning: An update to AdminSettings inside a test was not wrapped in act(...).

When testing, code that causes React state updates should be wrapped into act(...):

act(() => {
  /* fire events that update state */
});
/* assert on the output */

This ensures that you're testing the behavior the user would see in the browser. Learn more at https://reactjs.org/link/wrap-tests-with-act
    at AdminSettings (C:/GitRepos/strata-client/frontend/src/pages/AdminSettings.tsx:13:26)
    at Router (C:\GitRepos\strata-client\frontend\node_modules\react-router\dist\umd\react-router.development.js:1207:17)
    at BrowserRouter (C:\GitRepos\strata-client\frontend\node_modules\react-router-dom\dist\umd\react-router-dom.development.js:695:7)
Warning: An update to AdminSettings inside a test was not wrapped in act(...).

When testing, code that causes React state updates should be wrapped into act(...):

act(() => {
  /* fire events that update state */
});
/* assert on the output */

This ensures that you're testing the behavior the user would see in the browser. Learn more at https://reactjs.org/link/wrap-tests-with-act
    at AdminSettings (C:/GitRepos/strata-client/frontend/src/pages/AdminSettings.tsx:13:26)
    at Router (C:\GitRepos\strata-client\frontend\node_modules\react-router\dist\umd\react-router.development.js:1207:17)
    at BrowserRouter (C:\GitRepos\strata-client\frontend\node_modules\react-router-dom\dist\umd\react-router-dom.development.js:695:7)
Warning: An update to AdminSettings inside a test was not wrapped in act(...).

When testing, code that causes React state updates should be wrapped into act(...):

act(() => {
  /* fire events that update state */
});
/* assert on the output */

This ensures that you're testing the behavior the user would see in the browser. Learn more at https://reactjs.org/link/wrap-tests-with-act
    at AdminSettings (C:/GitRepos/strata-client/frontend/src/pages/AdminSettings.tsx:13:26)
    at Router (C:\GitRepos\strata-client\frontend\node_modules\react-router\dist\umd\react-router.development.js:1207:17)
    at BrowserRouter (C:\GitRepos\strata-client\frontend\node_modules\react-router-dom\dist\umd\react-router-dom.development.js:695:7)
Warning: An update to AdminSettings inside a test was not wrapped in act(...).

When testing, code that causes React state updates should be wrapped into act(...):

act(() => {
  /* fire events that update state */
});
/* assert on the output */

This ensures that you're testing the behavior the user would see in the browser. Learn more at https://reactjs.org/link/wrap-tests-with-act
    at AdminSettings (C:/GitRepos/strata-client/frontend/src/pages/AdminSettings.tsx:13:26)
    at Router (C:\GitRepos\strata-client\frontend\node_modules\react-router\dist\umd\react-router.development.js:1207:17)
    at BrowserRouter (C:\GitRepos\strata-client\frontend\node_modules\react-router-dom\dist\umd\react-router-dom.development.js:695:7)
Warning: An update to AdminSettings inside a test was not wrapped in act(...).

When testing, code that causes React state updates should be wrapped into act(...):

act(() => {
  /* fire events that update state */
});
/* assert on the output */

This ensures that you're testing the behavior the user would see in the browser. Learn more at https://reactjs.org/link/wrap-tests-with-act
    at AdminSettings (C:/GitRepos/strata-client/frontend/src/pages/AdminSettings.tsx:13:26)
    at Router (C:\GitRepos\strata-client\frontend\node_modules\react-router\dist\umd\react-router.development.js:1207:17)
    at BrowserRouter (C:\GitRepos\strata-client\frontend\node_modules\react-router-dom\dist\umd\react-router-dom.development.js:695:7)

[90mstderr[2m | src/__tests__/AdminSettings.test.tsx[2m > [22m[2mAdminSettings[2m > [22m[2mrenders all tab buttons
[22m[39mWarning: An update to HealthTab inside a test was not wrapped in act(...).

When testing, code that causes React state updates should be wrapped into act(...):

act(() => {
  /* fire events that update state */
});
/* assert on the output */

This ensures that you're testing the behavior the user would see in the browser. Learn more at https://reactjs.org/link/wrap-tests-with-act
    at HealthTab (C:/GitRepos/strata-client/frontend/src/pages/AdminSettings.tsx:174:22)
    at div
    at AdminSettings (C:/GitRepos/strata-client/frontend/src/pages/AdminSettings.tsx:13:26)
    at Router (C:\GitRepos\strata-client\frontend\node_modules\react-router\dist\umd\react-router.development.js:1207:17)
    at BrowserRouter (C:\GitRepos\strata-client\frontend\node_modules\react-router-dom\dist\umd\react-router-dom.development.js:695:7)
Warning: An update to HealthTab inside a test was not wrapped in act(...).

When testing, code that causes React state updates should be wrapped into act(...):

act(() => {
  /* fire events that update state */
});
/* assert on the output */

This ensures that you're testing the behavior the user would see in the browser. Learn more at https://reactjs.org/link/wrap-tests-with-act
    at HealthTab (C:/GitRepos/strata-client/frontend/src/pages/AdminSettings.tsx:174:22)
    at div
    at AdminSettings (C:/GitRepos/strata-client/frontend/src/pages/AdminSettings.tsx:13:26)
    at Router (C:\GitRepos\strata-client\frontend\node_modules\react-router\dist\umd\react-router.development.js:1207:17)
    at BrowserRouter (C:\GitRepos\strata-client\frontend\node_modules\react-router-dom\dist\umd\react-router-dom.development.js:695:7)

[90mstderr[2m | src/__tests__/AdminSettings.test.tsx[2m > [22m[2mAdminSettings[2m > [22m[2mrenders all tab buttons
[22m[39mWarning: An update to HealthTab inside a test was not wrapped in act(...).

When testing, code that causes React state updates should be wrapped into act(...):

act(() => {
  /* fire events that update state */
});
/* assert on the output */

This ensures that you're testing the behavior the user would see in the browser. Learn more at https://reactjs.org/link/wrap-tests-with-act
    at HealthTab (C:/GitRepos/strata-client/frontend/src/pages/AdminSettings.tsx:174:22)
    at div
    at AdminSettings (C:/GitRepos/strata-client/frontend/src/pages/AdminSettings.tsx:13:26)
    at Router (C:\GitRepos\strata-client\frontend\node_modules\react-router\dist\umd\react-router.development.js:1207:17)
    at BrowserRouter (C:\GitRepos\strata-client\frontend\node_modules\react-router-dom\dist\umd\react-router-dom.development.js:695:7)

[90mstderr[2m | src/__tests__/AdminSettings.test.tsx[2m > [22m[2mAdminSettings[2m > [22m[2mdefaults to health tab
[22m[39mWarning: An update to AdminSettings inside a test was not wrapped in act(...).

When testing, code that causes React state updates should be wrapped into act(...):

act(() => {
  /* fire events that update state */
});
/* assert on the output */

This ensures that you're testing the behavior the user would see in the browser. Learn more at https://reactjs.org/link/wrap-tests-with-act
    at AdminSettings (C:/GitRepos/strata-client/frontend/src/pages/AdminSettings.tsx:13:26)
    at Router (C:\GitRepos\strata-client\frontend\node_modules\react-router\dist\umd\react-router.development.js:1207:17)
    at BrowserRouter (C:\GitRepos\strata-client\frontend\node_modules\react-router-dom\dist\umd\react-router-dom.development.js:695:7)
Warning: An update to AdminSettings inside a test was not wrapped in act(...).

When testing, code that causes React state updates should be wrapped into act(...):

act(() => {
  /* fire events that update state */
});
/* assert on the output */

This ensures that you're testing the behavior the user would see in the browser. Learn more at https://reactjs.org/link/wrap-tests-with-act
    at AdminSettings (C:/GitRepos/strata-client/frontend/src/pages/AdminSettings.tsx:13:26)
    at Router (C:\GitRepos\strata-client\frontend\node_modules\react-router\dist\umd\react-router.development.js:1207:17)
    at BrowserRouter (C:\GitRepos\strata-client\frontend\node_modules\react-router-dom\dist\umd\react-router-dom.development.js:695:7)
Warning: An update to AdminSettings inside a test was not wrapped in act(...).

When testing, code that causes React state updates should be wrapped into act(...):

act(() => {
  /* fire events that update state */
});
/* assert on the output */

This ensures that you're testing the behavior the user would see in the browser. Learn more at https://reactjs.org/link/wrap-tests-with-act
    at AdminSettings (C:/GitRepos/strata-client/frontend/src/pages/AdminSettings.tsx:13:26)
    at Router (C:\GitRepos\strata-client\frontend\node_modules\react-router\dist\umd\react-router.development.js:1207:17)
    at BrowserRouter (C:\GitRepos\strata-client\frontend\node_modules\react-router-dom\dist\umd\react-router-dom.development.js:695:7)
Warning: An update to AdminSettings inside a test was not wrapped in act(...).

When testing, code that causes React state updates should be wrapped into act(...):

act(() => {
  /* fire events that update state */
});
/* assert on the output */

This ensures that you're testing the behavior the user would see in the browser. Learn more at https://reactjs.org/link/wrap-tests-with-act
    at AdminSettings (C:/GitRepos/strata-client/frontend/src/pages/AdminSettings.tsx:13:26)
    at Router (C:\GitRepos\strata-client\frontend\node_modules\react-router\dist\umd\react-router.development.js:1207:17)
    at BrowserRouter (C:\GitRepos\strata-client\frontend\node_modules\react-router-dom\dist\umd\react-router-dom.development.js:695:7)
Warning: An update to AdminSettings inside a test was not wrapped in act(...).

When testing, code that causes React state updates should be wrapped into act(...):

act(() => {
  /* fire events that update state */
});
/* assert on the output */

This ensures that you're testing the behavior the user would see in the browser. Learn more at https://reactjs.org/link/wrap-tests-with-act
    at AdminSettings (C:/GitRepos/strata-client/frontend/src/pages/AdminSettings.tsx:13:26)
    at Router (C:\GitRepos\strata-client\frontend\node_modules\react-router\dist\umd\react-router.development.js:1207:17)
    at BrowserRouter (C:\GitRepos\strata-client\frontend\node_modules\react-router-dom\dist\umd\react-router-dom.development.js:695:7)

[90mstderr[2m | src/__tests__/AdminSettings.test.tsx[2m > [22m[2mAdminSettings[2m > [22m[2mdefaults to health tab
[22m[39mWarning: An update to HealthTab inside a test was not wrapped in act(...).

When testing, code that causes React state updates should be wrapped into act(...):

act(() => {
  /* fire events that update state */
});
/* assert on the output */

This ensures that you're testing the behavior the user would see in the browser. Learn more at https://reactjs.org/link/wrap-tests-with-act
    at HealthTab (C:/GitRepos/strata-client/frontend/src/pages/AdminSettings.tsx:174:22)
    at div
    at AdminSettings (C:/GitRepos/strata-client/frontend/src/pages/AdminSettings.tsx:13:26)
    at Router (C:\GitRepos\strata-client\frontend\node_modules\react-router\dist\umd\react-router.development.js:1207:17)
    at BrowserRouter (C:\GitRepos\strata-client\frontend\node_modules\react-router-dom\dist\umd\react-router-dom.development.js:695:7)
Warning: An update to HealthTab inside a test was not wrapped in act(...).

When testing, code that causes React state updates should be wrapped into act(...):

act(() => {
  /* fire events that update state */
});
/* assert on the output */

This ensures that you're testing the behavior the user would see in the browser. Learn more at https://reactjs.org/link/wrap-tests-with-act
    at HealthTab (C:/GitRepos/strata-client/frontend/src/pages/AdminSettings.tsx:174:22)
    at div
    at AdminSettings (C:/GitRepos/strata-client/frontend/src/pages/AdminSettings.tsx:13:26)
    at Router (C:\GitRepos\strata-client\frontend\node_modules\react-router\dist\umd\react-router.development.js:1207:17)
    at BrowserRouter (C:\GitRepos\strata-client\frontend\node_modules\react-router-dom\dist\umd\react-router-dom.development.js:695:7)

[90mstderr[2m | src/__tests__/AdminSettings.test.tsx[2m > [22m[2mAdminSettings[2m > [22m[2mdefaults to health tab
[22m[39mWarning: An update to HealthTab inside a test was not wrapped in act(...).

When testing, code that causes React state updates should be wrapped into act(...):

act(() => {
  /* fire events that update state */
});
/* assert on the output */

This ensures that you're testing the behavior the user would see in the browser. Learn more at https://reactjs.org/link/wrap-tests-with-act
    at HealthTab (C:/GitRepos/strata-client/frontend/src/pages/AdminSettings.tsx:174:22)
    at div
    at AdminSettings (C:/GitRepos/strata-client/frontend/src/pages/AdminSettings.tsx:13:26)
    at Router (C:\GitRepos\strata-client\frontend\node_modules\react-router\dist\umd\react-router.development.js:1207:17)
    at BrowserRouter (C:\GitRepos\strata-client\frontend\node_modules\react-router-dom\dist\umd\react-router-dom.development.js:695:7)

[90mstderr[2m | src/__tests__/AdminSettings.test.tsx[2m > [22m[2mHealthTab[2m > [22m[2mshows loading state initially
[22m[39mWarning: An update to AdminSettings inside a test was not wrapped in act(...).

When testing, code that causes React state updates should be wrapped into act(...):

act(() => {
  /* fire events that update state */
});
/* assert on the output */

This ensures that you're testing the behavior the user would see in the browser. Learn more at https://reactjs.org/link/wrap-tests-with-act
    at AdminSettings (C:/GitRepos/strata-client/frontend/src/pages/AdminSettings.tsx:13:26)
    at Router (C:\GitRepos\strata-client\frontend\node_modules\react-router\dist\umd\react-router.development.js:1207:17)
    at BrowserRouter (C:\GitRepos\strata-client\frontend\node_modules\react-router-dom\dist\umd\react-router-dom.development.js:695:7)
Warning: An update to AdminSettings inside a test was not wrapped in act(...).

When testing, code that causes React state updates should be wrapped into act(...):

act(() => {
  /* fire events that update state */
});
/* assert on the output */

This ensures that you're testing the behavior the user would see in the browser. Learn more at https://reactjs.org/link/wrap-tests-with-act
    at AdminSettings (C:/GitRepos/strata-client/frontend/src/pages/AdminSettings.tsx:13:26)
    at Router (C:\GitRepos\strata-client\frontend\node_modules\react-router\dist\umd\react-router.development.js:1207:17)
    at BrowserRouter (C:\GitRepos\strata-client\frontend\node_modules\react-router-dom\dist\umd\react-router-dom.development.js:695:7)
Warning: An update to AdminSettings inside a test was not wrapped in act(...).

When testing, code that causes React state updates should be wrapped into act(...):

act(() => {
  /* fire events that update state */
});
/* assert on the output */

This ensures that you're testing the behavior the user would see in the browser. Learn more at https://reactjs.org/link/wrap-tests-with-act
    at AdminSettings (C:/GitRepos/strata-client/frontend/src/pages/AdminSettings.tsx:13:26)
    at Router (C:\GitRepos\strata-client\frontend\node_modules\react-router\dist\umd\react-router.development.js:1207:17)
    at BrowserRouter (C:\GitRepos\strata-client\frontend\node_modules\react-router-dom\dist\umd\react-router-dom.development.js:695:7)
Warning: An update to AdminSettings inside a test was not wrapped in act(...).

When testing, code that causes React state updates should be wrapped into act(...):

act(() => {
  /* fire events that update state */
});
/* assert on the output */

This ensures that you're testing the behavior the user would see in the browser. Learn more at https://reactjs.org/link/wrap-tests-with-act
    at AdminSettings (C:/GitRepos/strata-client/frontend/src/pages/AdminSettings.tsx:13:26)
    at Router (C:\GitRepos\strata-client\frontend\node_modules\react-router\dist\umd\react-router.development.js:1207:17)
    at BrowserRouter (C:\GitRepos\strata-client\frontend\node_modules\react-router-dom\dist\umd\react-router-dom.development.js:695:7)
Warning: An update to AdminSettings inside a test was not wrapped in act(...).

When testing, code that causes React state updates should be wrapped into act(...):

act(() => {
  /* fire events that update state */
});
/* assert on the output */

This ensures that you're testing the behavior the user would see in the browser. Learn more at https://reactjs.org/link/wrap-tests-with-act
    at AdminSettings (C:/GitRepos/strata-client/frontend/src/pages/AdminSettings.tsx:13:26)
    at Router (C:\GitRepos\strata-client\frontend\node_modules\react-router\dist\umd\react-router.development.js:1207:17)
    at BrowserRouter (C:\GitRepos\strata-client\frontend\node_modules\react-router-dom\dist\umd\react-router-dom.development.js:695:7)

[90mstderr[2m | src/__tests__/AdminSettings.test.tsx[2m > [22m[2mHealthTab[2m > [22m[2mshows Refreshing text while loading
[22m[39mWarning: An update to AdminSettings inside a test was not wrapped in act(...).

When testing, code that causes React state updates should be wrapped into act(...):

act(() => {
  /* fire events that update state */
});
/* assert on the output */

This ensures that you're testing the behavior the user would see in the browser. Learn more at https://reactjs.org/link/wrap-tests-with-act
    at AdminSettings (C:/GitRepos/strata-client/frontend/src/pages/AdminSettings.tsx:13:26)
    at Router (C:\GitRepos\strata-client\frontend\node_modules\react-router\dist\umd\react-router.development.js:1207:17)
    at BrowserRouter (C:\GitRepos\strata-client\frontend\node_modules\react-router-dom\dist\umd\react-router-dom.development.js:695:7)
Warning: An update to AdminSettings inside a test was not wrapped in act(...).

When testing, code that causes React state updates should be wrapped into act(...):

act(() => {
  /* fire events that update state */
});
/* assert on the output */

This ensures that you're testing the behavior the user would see in the browser. Learn more at https://reactjs.org/link/wrap-tests-with-act
    at AdminSettings (C:/GitRepos/strata-client/frontend/src/pages/AdminSettings.tsx:13:26)
    at Router (C:\GitRepos\strata-client\frontend\node_modules\react-router\dist\umd\react-router.development.js:1207:17)
    at BrowserRouter (C:\GitRepos\strata-client\frontend\node_modules\react-router-dom\dist\umd\react-router-dom.development.js:695:7)
Warning: An update to AdminSettings inside a test was not wrapped in act(...).

When testing, code that causes React state updates should be wrapped into act(...):

act(() => {
  /* fire events that update state */
});
/* assert on the output */

This ensures that you're testing the behavior the user would see in the browser. Learn more at https://reactjs.org/link/wrap-tests-with-act
    at AdminSettings (C:/GitRepos/strata-client/frontend/src/pages/AdminSettings.tsx:13:26)
    at Router (C:\GitRepos\strata-client\frontend\node_modules\react-router\dist\umd\react-router.development.js:1207:17)
    at BrowserRouter (C:\GitRepos\strata-client\frontend\node_modules\react-router-dom\dist\umd\react-router-dom.development.js:695:7)
Warning: An update to AdminSettings inside a test was not wrapped in act(...).

When testing, code that causes React state updates should be wrapped into act(...):

act(() => {
  /* fire events that update state */
});
/* assert on the output */

This ensures that you're testing the behavior the user would see in the browser. Learn more at https://reactjs.org/link/wrap-tests-with-act
    at AdminSettings (C:/GitRepos/strata-client/frontend/src/pages/AdminSettings.tsx:13:26)
    at Router (C:\GitRepos\strata-client\frontend\node_modules\react-router\dist\umd\react-router.development.js:1207:17)
    at BrowserRouter (C:\GitRepos\strata-client\frontend\node_modules\react-router-dom\dist\umd\react-router-dom.development.js:695:7)
Warning: An update to AdminSettings inside a test was not wrapped in act(...).

When testing, code that causes React state updates should be wrapped into act(...):

act(() => {
  /* fire events that update state */
});
/* assert on the output */

This ensures that you're testing the behavior the user would see in the browser. Learn more at https://reactjs.org/link/wrap-tests-with-act
    at AdminSettings (C:/GitRepos/strata-client/frontend/src/pages/AdminSettings.tsx:13:26)
    at Router (C:\GitRepos\strata-client\frontend\node_modules\react-router\dist\umd\react-router.development.js:1207:17)
    at BrowserRouter (C:\GitRepos\strata-client\frontend\node_modules\react-router-dom\dist\umd\react-router-dom.development.js:695:7)

[90mstderr[2m | src/__tests__/AdminSettings.test.tsx[2m > [22m[2mSessionsTab[2m > [22m[2mrenders active sessions
[22m[39mWarning: An update to AdminSettings inside a test was not wrapped in act(...).

When testing, code that causes React state updates should be wrapped into act(...):

act(() => {
  /* fire events that update state */
});
/* assert on the output */

This ensures that you're testing the behavior the user would see in the browser. Learn more at https://reactjs.org/link/wrap-tests-with-act
    at AdminSettings (C:/GitRepos/strata-client/frontend/src/pages/AdminSettings.tsx:13:26)
    at Router (C:\GitRepos\strata-client\frontend\node_modules\react-router\dist\umd\react-router.development.js:1207:17)
    at BrowserRouter (C:\GitRepos\strata-client\frontend\node_modules\react-router-dom\dist\umd\react-router-dom.development.js:695:7)
Warning: An update to AdminSettings inside a test was not wrapped in act(...).

When testing, code that causes React state updates should be wrapped into act(...):

act(() => {
  /* fire events that update state */
});
/* assert on the output */

This ensures that you're testing the behavior the user would see in the browser. Learn more at https://reactjs.org/link/wrap-tests-with-act
    at AdminSettings (C:/GitRepos/strata-client/frontend/src/pages/AdminSettings.tsx:13:26)
    at Router (C:\GitRepos\strata-client\frontend\node_modules\react-router\dist\umd\react-router.development.js:1207:17)
    at BrowserRouter (C:\GitRepos\strata-client\frontend\node_modules\react-router-dom\dist\umd\react-router-dom.development.js:695:7)
Warning: An update to AdminSettings inside a test was not wrapped in act(...).

When testing, code that causes React state updates should be wrapped into act(...):

act(() => {
  /* fire events that update state */
});
/* assert on the output */

This ensures that you're testing the behavior the user would see in the browser. Learn more at https://reactjs.org/link/wrap-tests-with-act
    at AdminSettings (C:/GitRepos/strata-client/frontend/src/pages/AdminSettings.tsx:13:26)
    at Router (C:\GitRepos\strata-client\frontend\node_modules\react-router\dist\umd\react-router.development.js:1207:17)
    at BrowserRouter (C:\GitRepos\strata-client\frontend\node_modules\react-router-dom\dist\umd\react-router-dom.development.js:695:7)
Warning: An update to AdminSettings inside a test was not wrapped in act(...).

When testing, code that causes React state updates should be wrapped into act(...):

act(() => {
  /* fire events that update state */
});
/* assert on the output */

This ensures that you're testing the behavior the user would see in the browser. Learn more at https://reactjs.org/link/wrap-tests-with-act
    at AdminSettings (C:/GitRepos/strata-client/frontend/src/pages/AdminSettings.tsx:13:26)
    at Router (C:\GitRepos\strata-client\frontend\node_modules\react-router\dist\umd\react-router.development.js:1207:17)
    at BrowserRouter (C:\GitRepos\strata-client\frontend\node_modules\react-router-dom\dist\umd\react-router-dom.development.js:695:7)
Warning: An update to AdminSettings inside a test was not wrapped in act(...).

When testing, code that causes React state updates should be wrapped into act(...):

act(() => {
  /* fire events that update state */
});
/* assert on the output */

This ensures that you're testing the behavior the user would see in the browser. Learn more at https://reactjs.org/link/wrap-tests-with-act
    at AdminSettings (C:/GitRepos/strata-client/frontend/src/pages/AdminSettings.tsx:13:26)
    at Router (C:\GitRepos\strata-client\frontend\node_modules\react-router\dist\umd\react-router.development.js:1207:17)
    at BrowserRouter (C:\GitRepos\strata-client\frontend\node_modules\react-router-dom\dist\umd\react-router-dom.development.js:695:7)

[90mstderr[2m | src/__tests__/AdminSettings.test.tsx[2m > [22m[2mSessionsTab[2m > [22m[2mrenders active sessions
[22m[39mWarning: An update to HealthTab inside a test was not wrapped in act(...).

When testing, code that causes React state updates should be wrapped into act(...):

act(() => {
  /* fire events that update state */
});
/* assert on the output */

This ensures that you're testing the behavior the user would see in the browser. Learn more at https://reactjs.org/link/wrap-tests-with-act
    at HealthTab (C:/GitRepos/strata-client/frontend/src/pages/AdminSettings.tsx:174:22)
    at div
    at AdminSettings (C:/GitRepos/strata-client/frontend/src/pages/AdminSettings.tsx:13:26)
    at Router (C:\GitRepos\strata-client\frontend\node_modules\react-router\dist\umd\react-router.development.js:1207:17)
    at BrowserRouter (C:\GitRepos\strata-client\frontend\node_modules\react-router-dom\dist\umd\react-router-dom.development.js:695:7)
Warning: An update to HealthTab inside a test was not wrapped in act(...).

When testing, code that causes React state updates should be wrapped into act(...):

act(() => {
  /* fire events that update state */
});
/* assert on the output */

This ensures that you're testing the behavior the user would see in the browser. Learn more at https://reactjs.org/link/wrap-tests-with-act
    at HealthTab (C:/GitRepos/strata-client/frontend/src/pages/AdminSettings.tsx:174:22)
    at div
    at AdminSettings (C:/GitRepos/strata-client/frontend/src/pages/AdminSettings.tsx:13:26)
    at Router (C:\GitRepos\strata-client\frontend\node_modules\react-router\dist\umd\react-router.development.js:1207:17)
    at BrowserRouter (C:\GitRepos\strata-client\frontend\node_modules\react-router-dom\dist\umd\react-router-dom.development.js:695:7)

[90mstderr[2m | src/__tests__/AdminSettings.test.tsx[2m > [22m[2mSessionsTab[2m > [22m[2mrenders active sessions
[22m[39mWarning: An update to HealthTab inside a test was not wrapped in act(...).

When testing, code that causes React state updates should be wrapped into act(...):

act(() => {
  /* fire events that update state */
});
/* assert on the output */

This ensures that you're testing the behavior the user would see in the browser. Learn more at https://reactjs.org/link/wrap-tests-with-act
    at HealthTab (C:/GitRepos/strata-client/frontend/src/pages/AdminSettings.tsx:174:22)
    at div
    at AdminSettings (C:/GitRepos/strata-client/frontend/src/pages/AdminSettings.tsx:13:26)
    at Router (C:\GitRepos\strata-client\frontend\node_modules\react-router\dist\umd\react-router.development.js:1207:17)
    at BrowserRouter (C:\GitRepos\strata-client\frontend\node_modules\react-router-dom\dist\umd\react-router-dom.development.js:695:7)

[90mstderr[2m | src/__tests__/AdminSettings.test.tsx[2m > [22m[2mSessionsTab[2m > [22m[2mshows empty state with no sessions
[22m[39mWarning: An update to AdminSettings inside a test was not wrapped in act(...).

When testing, code that causes React state updates should be wrapped into act(...):

act(() => {
  /* fire events that update state */
});
/* assert on the output */

This ensures that you're testing the behavior the user would see in the browser. Learn more at https://reactjs.org/link/wrap-tests-with-act
    at AdminSettings (C:/GitRepos/strata-client/frontend/src/pages/AdminSettings.tsx:13:26)
    at Router (C:\GitRepos\strata-client\frontend\node_modules\react-router\dist\umd\react-router.development.js:1207:17)
    at BrowserRouter (C:\GitRepos\strata-client\frontend\node_modules\react-router-dom\dist\umd\react-router-dom.development.js:695:7)
Warning: An update to AdminSettings inside a test was not wrapped in act(...).

When testing, code that causes React state updates should be wrapped into act(...):

act(() => {
  /* fire events that update state */
});
/* assert on the output */

This ensures that you're testing the behavior the user would see in the browser. Learn more at https://reactjs.org/link/wrap-tests-with-act
    at AdminSettings (C:/GitRepos/strata-client/frontend/src/pages/AdminSettings.tsx:13:26)
    at Router (C:\GitRepos\strata-client\frontend\node_modules\react-router\dist\umd\react-router.development.js:1207:17)
    at BrowserRouter (C:\GitRepos\strata-client\frontend\node_modules\react-router-dom\dist\umd\react-router-dom.development.js:695:7)
Warning: An update to AdminSettings inside a test was not wrapped in act(...).

When testing, code that causes React state updates should be wrapped into act(...):

act(() => {
  /* fire events that update state */
});
/* assert on the output */

This ensures that you're testing the behavior the user would see in the browser. Learn more at https://reactjs.org/link/wrap-tests-with-act
    at AdminSettings (C:/GitRepos/strata-client/frontend/src/pages/AdminSettings.tsx:13:26)
    at Router (C:\GitRepos\strata-client\frontend\node_modules\react-router\dist\umd\react-router.development.js:1207:17)
    at BrowserRouter (C:\GitRepos\strata-client\frontend\node_modules\react-router-dom\dist\umd\react-router-dom.development.js:695:7)
Warning: An update to AdminSettings inside a test was not wrapped in act(...).

When testing, code that causes React state updates should be wrapped into act(...):

act(() => {
  /* fire events that update state */
});
/* assert on the output */

This ensures that you're testing the behavior the user would see in the browser. Learn more at https://reactjs.org/link/wrap-tests-with-act
    at AdminSettings (C:/GitRepos/strata-client/frontend/src/pages/AdminSettings.tsx:13:26)
    at Router (C:\GitRepos\strata-client\frontend\node_modules\react-router\dist\umd\react-router.development.js:1207:17)
    at BrowserRouter (C:\GitRepos\strata-client\frontend\node_modules\react-router-dom\dist\umd\react-router-dom.development.js:695:7)
Warning: An update to AdminSettings inside a test was not wrapped in act(...).

When testing, code that causes React state updates should be wrapped into act(...):

act(() => {
  /* fire events that update state */
});
/* assert on the output */

This ensures that you're testing the behavior the user would see in the browser. Learn more at https://reactjs.org/link/wrap-tests-with-act
    at AdminSettings (C:/GitRepos/strata-client/frontend/src/pages/AdminSettings.tsx:13:26)
    at Router (C:\GitRepos\strata-client\frontend\node_modules\react-router\dist\umd\react-router.development.js:1207:17)
    at BrowserRouter (C:\GitRepos\strata-client\frontend\node_modules\react-router-dom\dist\umd\react-router-dom.development.js:695:7)

[90mstderr[2m | src/__tests__/AdminSettings.test.tsx[2m > [22m[2mSessionsTab[2m > [22m[2mshows empty state with no sessions
[22m[39mWarning: An update to HealthTab inside a test was not wrapped in act(...).

When testing, code that causes React state updates should be wrapped into act(...):

act(() => {
  /* fire events that update state */
});
/* assert on the output */

This ensures that you're testing the behavior the user would see in the browser. Learn more at https://reactjs.org/link/wrap-tests-with-act
    at HealthTab (C:/GitRepos/strata-client/frontend/src/pages/AdminSettings.tsx:174:22)
    at div
    at AdminSettings (C:/GitRepos/strata-client/frontend/src/pages/AdminSettings.tsx:13:26)
    at Router (C:\GitRepos\strata-client\frontend\node_modules\react-router\dist\umd\react-router.development.js:1207:17)
    at BrowserRouter (C:\GitRepos\strata-client\frontend\node_modules\react-router-dom\dist\umd\react-router-dom.development.js:695:7)
Warning: An update to HealthTab inside a test was not wrapped in act(...).

When testing, code that causes React state updates should be wrapped into act(...):

act(() => {
  /* fire events that update state */
});
/* assert on the output */

This ensures that you're testing the behavior the user would see in the browser. Learn more at https://reactjs.org/link/wrap-tests-with-act
    at HealthTab (C:/GitRepos/strata-client/frontend/src/pages/AdminSettings.tsx:174:22)
    at div
    at AdminSettings (C:/GitRepos/strata-client/frontend/src/pages/AdminSettings.tsx:13:26)
    at Router (C:\GitRepos\strata-client\frontend\node_modules\react-router\dist\umd\react-router.development.js:1207:17)
    at BrowserRouter (C:\GitRepos\strata-client\frontend\node_modules\react-router-dom\dist\umd\react-router-dom.development.js:695:7)

[90mstderr[2m | src/__tests__/AdminSettings.test.tsx[2m > [22m[2mSessionsTab[2m > [22m[2mshows empty state with no sessions
[22m[39mWarning: An update to HealthTab inside a test was not wrapped in act(...).

When testing, code that causes React state updates should be wrapped into act(...):

act(() => {
  /* fire events that update state */
});
/* assert on the output */

This ensures that you're testing the behavior the user would see in the browser. Learn more at https://reactjs.org/link/wrap-tests-with-act
    at HealthTab (C:/GitRepos/strata-client/frontend/src/pages/AdminSettings.tsx:174:22)
    at div
    at AdminSettings (C:/GitRepos/strata-client/frontend/src/pages/AdminSettings.tsx:13:26)
    at Router (C:\GitRepos\strata-client\frontend\node_modules\react-router\dist\umd\react-router.development.js:1207:17)
    at BrowserRouter (C:\GitRepos\strata-client\frontend\node_modules\react-router-dom\dist\umd\react-router-dom.development.js:695:7)

[90mstderr[2m | src/__tests__/AdminSettings.test.tsx[2m > [22m[2mSessionsTab[2m > [22m[2mshows session duration
[22m[39mWarning: An update to AdminSettings inside a test was not wrapped in act(...).

When testing, code that causes React state updates should be wrapped into act(...):

act(() => {
  /* fire events that update state */
});
/* assert on the output */

This ensures that you're testing the behavior the user would see in the browser. Learn more at https://reactjs.org/link/wrap-tests-with-act
    at AdminSettings (C:/GitRepos/strata-client/frontend/src/pages/AdminSettings.tsx:13:26)
    at Router (C:\GitRepos\strata-client\frontend\node_modules\react-router\dist\umd\react-router.development.js:1207:17)
    at BrowserRouter (C:\GitRepos\strata-client\frontend\node_modules\react-router-dom\dist\umd\react-router-dom.development.js:695:7)
Warning: An update to AdminSettings inside a test was not wrapped in act(...).

When testing, code that causes React state updates should be wrapped into act(...):

act(() => {
  /* fire events that update state */
});
/* assert on the output */

This ensures that you're testing the behavior the user would see in the browser. Learn more at https://reactjs.org/link/wrap-tests-with-act
    at AdminSettings (C:/GitRepos/strata-client/frontend/src/pages/AdminSettings.tsx:13:26)
    at Router (C:\GitRepos\strata-client\frontend\node_modules\react-router\dist\umd\react-router.development.js:1207:17)
    at BrowserRouter (C:\GitRepos\strata-client\frontend\node_modules\react-router-dom\dist\umd\react-router-dom.development.js:695:7)
Warning: An update to AdminSettings inside a test was not wrapped in act(...).

When testing, code that causes React state updates should be wrapped into act(...):

act(() => {
  /* fire events that update state */
});
/* assert on the output */

This ensures that you're testing the behavior the user would see in the browser. Learn more at https://reactjs.org/link/wrap-tests-with-act
    at AdminSettings (C:/GitRepos/strata-client/frontend/src/pages/AdminSettings.tsx:13:26)
    at Router (C:\GitRepos\strata-client\frontend\node_modules\react-router\dist\umd\react-router.development.js:1207:17)
    at BrowserRouter (C:\GitRepos\strata-client\frontend\node_modules\react-router-dom\dist\umd\react-router-dom.development.js:695:7)
Warning: An update to AdminSettings inside a test was not wrapped in act(...).

When testing, code that causes React state updates should be wrapped into act(...):

act(() => {
  /* fire events that update state */
});
/* assert on the output */

This ensures that you're testing the behavior the user would see in the browser. Learn more at https://reactjs.org/link/wrap-tests-with-act
    at AdminSettings (C:/GitRepos/strata-client/frontend/src/pages/AdminSettings.tsx:13:26)
    at Router (C:\GitRepos\strata-client\frontend\node_modules\react-router\dist\umd\react-router.development.js:1207:17)
    at BrowserRouter (C:\GitRepos\strata-client\frontend\node_modules\react-router-dom\dist\umd\react-router-dom.development.js:695:7)
Warning: An update to AdminSettings inside a test was not wrapped in act(...).

When testing, code that causes React state updates should be wrapped into act(...):

act(() => {
  /* fire events that update state */
});
/* assert on the output */

This ensures that you're testing the behavior the user would see in the browser. Learn more at https://reactjs.org/link/wrap-tests-with-act
    at AdminSettings (C:/GitRepos/strata-client/frontend/src/pages/AdminSettings.tsx:13:26)
    at Router (C:\GitRepos\strata-client\frontend\node_modules\react-router\dist\umd\react-router.development.js:1207:17)
    at BrowserRouter (C:\GitRepos\strata-client\frontend\node_modules\react-router-dom\dist\umd\react-router-dom.development.js:695:7)

[90mstderr[2m | src/__tests__/AdminSettings.test.tsx[2m > [22m[2mSessionsTab[2m > [22m[2mshows session duration
[22m[39mWarning: An update to HealthTab inside a test was not wrapped in act(...).

When testing, code that causes React state updates should be wrapped into act(...):

act(() => {
  /* fire events that update state */
});
/* assert on the output */

This ensures that you're testing the behavior the user would see in the browser. Learn more at https://reactjs.org/link/wrap-tests-with-act
    at HealthTab (C:/GitRepos/strata-client/frontend/src/pages/AdminSettings.tsx:174:22)
    at div
    at AdminSettings (C:/GitRepos/strata-client/frontend/src/pages/AdminSettings.tsx:13:26)
    at Router (C:\GitRepos\strata-client\frontend\node_modules\react-router\dist\umd\react-router.development.js:1207:17)
    at BrowserRouter (C:\GitRepos\strata-client\frontend\node_modules\react-router-dom\dist\umd\react-router-dom.development.js:695:7)
Warning: An update to HealthTab inside a test was not wrapped in act(...).

When testing, code that causes React state updates should be wrapped into act(...):

act(() => {
  /* fire events that update state */
});
/* assert on the output */

This ensures that you're testing the behavior the user would see in the browser. Learn more at https://reactjs.org/link/wrap-tests-with-act
    at HealthTab (C:/GitRepos/strata-client/frontend/src/pages/AdminSettings.tsx:174:22)
    at div
    at AdminSettings (C:/GitRepos/strata-client/frontend/src/pages/AdminSettings.tsx:13:26)
    at Router (C:\GitRepos\strata-client\frontend\node_modules\react-router\dist\umd\react-router.development.js:1207:17)
    at BrowserRouter (C:\GitRepos\strata-client\frontend\node_modules\react-router-dom\dist\umd\react-router-dom.development.js:695:7)

[90mstderr[2m | src/__tests__/AdminSettings.test.tsx[2m > [22m[2mSessionsTab[2m > [22m[2mshows session duration
[22m[39mWarning: An update to HealthTab inside a test was not wrapped in act(...).

When testing, code that causes React state updates should be wrapped into act(...):

act(() => {
  /* fire events that update state */
});
/* assert on the output */

This ensures that you're testing the behavior the user would see in the browser. Learn more at https://reactjs.org/link/wrap-tests-with-act
    at HealthTab (C:/GitRepos/strata-client/frontend/src/pages/AdminSettings.tsx:174:22)
    at div
    at AdminSettings (C:/GitRepos/strata-client/frontend/src/pages/AdminSettings.tsx:13:26)
    at Router (C:\GitRepos\strata-client\frontend\node_modules\react-router\dist\umd\react-router.development.js:1207:17)
    at BrowserRouter (C:\GitRepos\strata-client\frontend\node_modules\react-router-dom\dist\umd\react-router-dom.development.js:695:7)

[90mstderr[2m | src/__tests__/AdminSettings.test.tsx[2m > [22m[2mSessionsTab[2m > [22m[2mshows buffer depth
[22m[39mWarning: An update to AdminSettings inside a test was not wrapped in act(...).

When testing, code that causes React state updates should be wrapped into act(...):

act(() => {
  /* fire events that update state */
});
/* assert on the output */

This ensures that you're testing the behavior the user would see in the browser. Learn more at https://reactjs.org/link/wrap-tests-with-act
    at AdminSettings (C:/GitRepos/strata-client/frontend/src/pages/AdminSettings.tsx:13:26)
    at Router (C:\GitRepos\strata-client\frontend\node_modules\react-router\dist\umd\react-router.development.js:1207:17)
    at BrowserRouter (C:\GitRepos\strata-client\frontend\node_modules\react-router-dom\dist\umd\react-router-dom.development.js:695:7)
Warning: An update to AdminSettings inside a test was not wrapped in act(...).

When testing, code that causes React state updates should be wrapped into act(...):

act(() => {
  /* fire events that update state */
});
/* assert on the output */

This ensures that you're testing the behavior the user would see in the browser. Learn more at https://reactjs.org/link/wrap-tests-with-act
    at AdminSettings (C:/GitRepos/strata-client/frontend/src/pages/AdminSettings.tsx:13:26)
    at Router (C:\GitRepos\strata-client\frontend\node_modules\react-router\dist\umd\react-router.development.js:1207:17)
    at BrowserRouter (C:\GitRepos\strata-client\frontend\node_modules\react-router-dom\dist\umd\react-router-dom.development.js:695:7)
Warning: An update to AdminSettings inside a test was not wrapped in act(...).

When testing, code that causes React state updates should be wrapped into act(...):

act(() => {
  /* fire events that update state */
});
/* assert on the output */

This ensures that you're testing the behavior the user would see in the browser. Learn more at https://reactjs.org/link/wrap-tests-with-act
    at AdminSettings (C:/GitRepos/strata-client/frontend/src/pages/AdminSettings.tsx:13:26)
    at Router (C:\GitRepos\strata-client\frontend\node_modules\react-router\dist\umd\react-router.development.js:1207:17)
    at BrowserRouter (C:\GitRepos\strata-client\frontend\node_modules\react-router-dom\dist\umd\react-router-dom.development.js:695:7)
Warning: An update to AdminSettings inside a test was not wrapped in act(...).

When testing, code that causes React state updates should be wrapped into act(...):

act(() => {
  /* fire events that update state */
});
/* assert on the output */

This ensures that you're testing the behavior the user would see in the browser. Learn more at https://reactjs.org/link/wrap-tests-with-act
    at AdminSettings (C:/GitRepos/strata-client/frontend/src/pages/AdminSettings.tsx:13:26)
    at Router (C:\GitRepos\strata-client\frontend\node_modules\react-router\dist\umd\react-router.development.js:1207:17)
    at BrowserRouter (C:\GitRepos\strata-client\frontend\node_modules\react-router-dom\dist\umd\react-router-dom.development.js:695:7)
Warning: An update to AdminSettings inside a test was not wrapped in act(...).

When testing, code that causes React state updates should be wrapped into act(...):

act(() => {
  /* fire events that update state */
});
/* assert on the output */

This ensures that you're testing the behavior the user would see in the browser. Learn more at https://reactjs.org/link/wrap-tests-with-act
    at AdminSettings (C:/GitRepos/strata-client/frontend/src/pages/AdminSettings.tsx:13:26)
    at Router (C:\GitRepos\strata-client\frontend\node_modules\react-router\dist\umd\react-router.development.js:1207:17)
    at BrowserRouter (C:\GitRepos\strata-client\frontend\node_modules\react-router-dom\dist\umd\react-router-dom.development.js:695:7)

[90mstderr[2m | src/__tests__/AdminSettings.test.tsx[2m > [22m[2mSessionsTab[2m > [22m[2mshows buffer depth
[22m[39mWarning: An update to HealthTab inside a test was not wrapped in act(...).

When testing, code that causes React state updates should be wrapped into act(...):

act(() => {
  /* fire events that update state */
});
/* assert on the output */

This ensures that you're testing the behavior the user would see in the browser. Learn more at https://reactjs.org/link/wrap-tests-with-act
    at HealthTab (C:/GitRepos/strata-client/frontend/src/pages/AdminSettings.tsx:174:22)
    at div
    at AdminSettings (C:/GitRepos/strata-client/frontend/src/pages/AdminSettings.tsx:13:26)
    at Router (C:\GitRepos\strata-client\frontend\node_modules\react-router\dist\umd\react-router.development.js:1207:17)
    at BrowserRouter (C:\GitRepos\strata-client\frontend\node_modules\react-router-dom\dist\umd\react-router-dom.development.js:695:7)
Warning: An update to HealthTab inside a test was not wrapped in act(...).

When testing, code that causes React state updates should be wrapped into act(...):

act(() => {
  /* fire events that update state */
});
/* assert on the output */

This ensures that you're testing the behavior the user would see in the browser. Learn more at https://reactjs.org/link/wrap-tests-with-act
    at HealthTab (C:/GitRepos/strata-client/frontend/src/pages/AdminSettings.tsx:174:22)
    at div
    at AdminSettings (C:/GitRepos/strata-client/frontend/src/pages/AdminSettings.tsx:13:26)
    at Router (C:\GitRepos\strata-client\frontend\node_modules\react-router\dist\umd\react-router.development.js:1207:17)
    at BrowserRouter (C:\GitRepos\strata-client\frontend\node_modules\react-router-dom\dist\umd\react-router-dom.development.js:695:7)

[90mstderr[2m | src/__tests__/AdminSettings.test.tsx[2m > [22m[2mSessionsTab[2m > [22m[2mshows buffer depth
[22m[39mWarning: An update to HealthTab inside a test was not wrapped in act(...).

When testing, code that causes React state updates should be wrapped into act(...):

act(() => {
  /* fire events that update state */
});
/* assert on the output */

This ensures that you're testing the behavior the user would see in the browser. Learn more at https://reactjs.org/link/wrap-tests-with-act
    at HealthTab (C:/GitRepos/strata-client/frontend/src/pages/AdminSettings.tsx:174:22)
    at div
    at AdminSettings (C:/GitRepos/strata-client/frontend/src/pages/AdminSettings.tsx:13:26)
    at Router (C:\GitRepos\strata-client\frontend\node_modules\react-router\dist\umd\react-router.development.js:1207:17)
    at BrowserRouter (C:\GitRepos\strata-client\frontend\node_modules\react-router-dom\dist\umd\react-router-dom.development.js:695:7)

[90mstderr[2m | src/__tests__/AdminSettings.test.tsx[2m > [22m[2mSessionsTab[2m > [22m[2mshows buffer with seconds
[22m[39mWarning: An update to AdminSettings inside a test was not wrapped in act(...).

When testing, code that causes React state updates should be wrapped into act(...):

act(() => {
  /* fire events that update state */
});
/* assert on the output */

This ensures that you're testing the behavior the user would see in the browser. Learn more at https://reactjs.org/link/wrap-tests-with-act
    at AdminSettings (C:/GitRepos/strata-client/frontend/src/pages/AdminSettings.tsx:13:26)
    at Router (C:\GitRepos\strata-client\frontend\node_modules\react-router\dist\umd\react-router.development.js:1207:17)
    at BrowserRouter (C:\GitRepos\strata-client\frontend\node_modules\react-router-dom\dist\umd\react-router-dom.development.js:695:7)
Warning: An update to AdminSettings inside a test was not wrapped in act(...).

When testing, code that causes React state updates should be wrapped into act(...):

act(() => {
  /* fire events that update state */
});
/* assert on the output */

This ensures that you're testing the behavior the user would see in the browser. Learn more at https://reactjs.org/link/wrap-tests-with-act
    at AdminSettings (C:/GitRepos/strata-client/frontend/src/pages/AdminSettings.tsx:13:26)
    at Router (C:\GitRepos\strata-client\frontend\node_modules\react-router\dist\umd\react-router.development.js:1207:17)
    at BrowserRouter (C:\GitRepos\strata-client\frontend\node_modules\react-router-dom\dist\umd\react-router-dom.development.js:695:7)
Warning: An update to AdminSettings inside a test was not wrapped in act(...).

When testing, code that causes React state updates should be wrapped into act(...):

act(() => {
  /* fire events that update state */
});
/* assert on the output */

This ensures that you're testing the behavior the user would see in the browser. Learn more at https://reactjs.org/link/wrap-tests-with-act
    at AdminSettings (C:/GitRepos/strata-client/frontend/src/pages/AdminSettings.tsx:13:26)
    at Router (C:\GitRepos\strata-client\frontend\node_modules\react-router\dist\umd\react-router.development.js:1207:17)
    at BrowserRouter (C:\GitRepos\strata-client\frontend\node_modules\react-router-dom\dist\umd\react-router-dom.development.js:695:7)
Warning: An update to AdminSettings inside a test was not wrapped in act(...).

When testing, code that causes React state updates should be wrapped into act(...):

act(() => {
  /* fire events that update state */
});
/* assert on the output */

This ensures that you're testing the behavior the user would see in the browser. Learn more at https://reactjs.org/link/wrap-tests-with-act
    at AdminSettings (C:/GitRepos/strata-client/frontend/src/pages/AdminSettings.tsx:13:26)
    at Router (C:\GitRepos\strata-client\frontend\node_modules\react-router\dist\umd\react-router.development.js:1207:17)
    at BrowserRouter (C:\GitRepos\strata-client\frontend\node_modules\react-router-dom\dist\umd\react-router-dom.development.js:695:7)
Warning: An update to AdminSettings inside a test was not wrapped in act(...).

When testing, code that causes React state updates should be wrapped into act(...):

act(() => {
  /* fire events that update state */
});
/* assert on the output */

This ensures that you're testing the behavior the user would see in the browser. Learn more at https://reactjs.org/link/wrap-tests-with-act
    at AdminSettings (C:/GitRepos/strata-client/frontend/src/pages/AdminSettings.tsx:13:26)
    at Router (C:\GitRepos\strata-client\frontend\node_modules\react-router\dist\umd\react-router.development.js:1207:17)
    at BrowserRouter (C:\GitRepos\strata-client\frontend\node_modules\react-router-dom\dist\umd\react-router-dom.development.js:695:7)

[90mstderr[2m | src/__tests__/AdminSettings.test.tsx[2m > [22m[2mSessionsTab[2m > [22m[2mshows buffer with seconds
[22m[39mWarning: An update to HealthTab inside a test was not wrapped in act(...).

When testing, code that causes React state updates should be wrapped into act(...):

act(() => {
  /* fire events that update state */
});
/* assert on the output */

This ensures that you're testing the behavior the user would see in the browser. Learn more at https://reactjs.org/link/wrap-tests-with-act
    at HealthTab (C:/GitRepos/strata-client/frontend/src/pages/AdminSettings.tsx:174:22)
    at div
    at AdminSettings (C:/GitRepos/strata-client/frontend/src/pages/AdminSettings.tsx:13:26)
    at Router (C:\GitRepos\strata-client\frontend\node_modules\react-router\dist\umd\react-router.development.js:1207:17)
    at BrowserRouter (C:\GitRepos\strata-client\frontend\node_modules\react-router-dom\dist\umd\react-router-dom.development.js:695:7)
Warning: An update to HealthTab inside a test was not wrapped in act(...).

When testing, code that causes React state updates should be wrapped into act(...):

act(() => {
  /* fire events that update state */
});
/* assert on the output */

This ensures that you're testing the behavior the user would see in the browser. Learn more at https://reactjs.org/link/wrap-tests-with-act
    at HealthTab (C:/GitRepos/strata-client/frontend/src/pages/AdminSettings.tsx:174:22)
    at div
    at AdminSettings (C:/GitRepos/strata-client/frontend/src/pages/AdminSettings.tsx:13:26)
    at Router (C:\GitRepos\strata-client\frontend\node_modules\react-router\dist\umd\react-router.development.js:1207:17)
    at BrowserRouter (C:\GitRepos\strata-client\frontend\node_modules\react-router-dom\dist\umd\react-router-dom.development.js:695:7)

[90mstderr[2m | src/__tests__/AdminSettings.test.tsx[2m > [22m[2mSessionsTab[2m > [22m[2mshows buffer with seconds
[22m[39mWarning: An update to HealthTab inside a test was not wrapped in act(...).

When testing, code that causes React state updates should be wrapped into act(...):

act(() => {
  /* fire events that update state */
});
/* assert on the output */

This ensures that you're testing the behavior the user would see in the browser. Learn more at https://reactjs.org/link/wrap-tests-with-act
    at HealthTab (C:/GitRepos/strata-client/frontend/src/pages/AdminSettings.tsx:174:22)
    at div
    at AdminSettings (C:/GitRepos/strata-client/frontend/src/pages/AdminSettings.tsx:13:26)
    at Router (C:\GitRepos\strata-client\frontend\node_modules\react-router\dist\umd\react-router.development.js:1207:17)
    at BrowserRouter (C:\GitRepos\strata-client\frontend\node_modules\react-router-dom\dist\umd\react-router-dom.development.js:695:7)

[90mstderr[2m | src/__tests__/AdminSettings.test.tsx[2m > [22m[2mSessionsTab[2m > [22m[2mshows buffer with minutes and seconds
[22m[39mWarning: An update to AdminSettings inside a test was not wrapped in act(...).

When testing, code that causes React state updates should be wrapped into act(...):

act(() => {
  /* fire events that update state */
});
/* assert on the output */

This ensures that you're testing the behavior the user would see in the browser. Learn more at https://reactjs.org/link/wrap-tests-with-act
    at AdminSettings (C:/GitRepos/strata-client/frontend/src/pages/AdminSettings.tsx:13:26)
    at Router (C:\GitRepos\strata-client\frontend\node_modules\react-router\dist\umd\react-router.development.js:1207:17)
    at BrowserRouter (C:\GitRepos\strata-client\frontend\node_modules\react-router-dom\dist\umd\react-router-dom.development.js:695:7)
Warning: An update to AdminSettings inside a test was not wrapped in act(...).

When testing, code that causes React state updates should be wrapped into act(...):

act(() => {
  /* fire events that update state */
});
/* assert on the output */

This ensures that you're testing the behavior the user would see in the browser. Learn more at https://reactjs.org/link/wrap-tests-with-act
    at AdminSettings (C:/GitRepos/strata-client/frontend/src/pages/AdminSettings.tsx:13:26)
    at Router (C:\GitRepos\strata-client\frontend\node_modules\react-router\dist\umd\react-router.development.js:1207:17)
    at BrowserRouter (C:\GitRepos\strata-client\frontend\node_modules\react-router-dom\dist\umd\react-router-dom.development.js:695:7)
Warning: An update to AdminSettings inside a test was not wrapped in act(...).

When testing, code that causes React state updates should be wrapped into act(...):

act(() => {
  /* fire events that update state */
});
/* assert on the output */

This ensures that you're testing the behavior the user would see in the browser. Learn more at https://reactjs.org/link/wrap-tests-with-act
    at AdminSettings (C:/GitRepos/strata-client/frontend/src/pages/AdminSettings.tsx:13:26)
    at Router (C:\GitRepos\strata-client\frontend\node_modules\react-router\dist\umd\react-router.development.js:1207:17)
    at BrowserRouter (C:\GitRepos\strata-client\frontend\node_modules\react-router-dom\dist\umd\react-router-dom.development.js:695:7)
Warning: An update to AdminSettings inside a test was not wrapped in act(...).

When testing, code that causes React state updates should be wrapped into act(...):

act(() => {
  /* fire events that update state */
});
/* assert on the output */

This ensures that you're testing the behavior the user would see in the browser. Learn more at https://reactjs.org/link/wrap-tests-with-act
    at AdminSettings (C:/GitRepos/strata-client/frontend/src/pages/AdminSettings.tsx:13:26)
    at Router (C:\GitRepos\strata-client\frontend\node_modules\react-router\dist\umd\react-router.development.js:1207:17)
    at BrowserRouter (C:\GitRepos\strata-client\frontend\node_modules\react-router-dom\dist\umd\react-router-dom.development.js:695:7)
Warning: An update to AdminSettings inside a test was not wrapped in act(...).

When testing, code that causes React state updates should be wrapped into act(...):

act(() => {
  /* fire events that update state */
});
/* assert on the output */

This ensures that you're testing the behavior the user would see in the browser. Learn more at https://reactjs.org/link/wrap-tests-with-act
    at AdminSettings (C:/GitRepos/strata-client/frontend/src/pages/AdminSettings.tsx:13:26)
    at Router (C:\GitRepos\strata-client\frontend\node_modules\react-router\dist\umd\react-router.development.js:1207:17)
    at BrowserRouter (C:\GitRepos\strata-client\frontend\node_modules\react-router-dom\dist\umd\react-router-dom.development.js:695:7)

[90mstderr[2m | src/__tests__/AdminSettings.test.tsx[2m > [22m[2mSessionsTab[2m > [22m[2mshows buffer with minutes and seconds
[22m[39mWarning: An update to HealthTab inside a test was not wrapped in act(...).

When testing, code that causes React state updates should be wrapped into act(...):

act(() => {
  /* fire events that update state */
});
/* assert on the output */

This ensures that you're testing the behavior the user would see in the browser. Learn more at https://reactjs.org/link/wrap-tests-with-act
    at HealthTab (C:/GitRepos/strata-client/frontend/src/pages/AdminSettings.tsx:174:22)
    at div
    at AdminSettings (C:/GitRepos/strata-client/frontend/src/pages/AdminSettings.tsx:13:26)
    at Router (C:\GitRepos\strata-client\frontend\node_modules\react-router\dist\umd\react-router.development.js:1207:17)
    at BrowserRouter (C:\GitRepos\strata-client\frontend\node_modules\react-router-dom\dist\umd\react-router-dom.development.js:695:7)
Warning: An update to HealthTab inside a test was not wrapped in act(...).

When testing, code that causes React state updates should be wrapped into act(...):

act(() => {
  /* fire events that update state */
});
/* assert on the output */

This ensures that you're testing the behavior the user would see in the browser. Learn more at https://reactjs.org/link/wrap-tests-with-act
    at HealthTab (C:/GitRepos/strata-client/frontend/src/pages/AdminSettings.tsx:174:22)
    at div
    at AdminSettings (C:/GitRepos/strata-client/frontend/src/pages/AdminSettings.tsx:13:26)
    at Router (C:\GitRepos\strata-client\frontend\node_modules\react-router\dist\umd\react-router.development.js:1207:17)
    at BrowserRouter (C:\GitRepos\strata-client\frontend\node_modules\react-router-dom\dist\umd\react-router-dom.development.js:695:7)

[90mstderr[2m | src/__tests__/AdminSettings.test.tsx[2m > [22m[2mSessionsTab[2m > [22m[2mshows buffer with minutes and seconds
[22m[39mWarning: An update to HealthTab inside a test was not wrapped in act(...).

When testing, code that causes React state updates should be wrapped into act(...):

act(() => {
  /* fire events that update state */
});
/* assert on the output */

This ensures that you're testing the behavior the user would see in the browser. Learn more at https://reactjs.org/link/wrap-tests-with-act
    at HealthTab (C:/GitRepos/strata-client/frontend/src/pages/AdminSettings.tsx:174:22)
    at div
    at AdminSettings (C:/GitRepos/strata-client/frontend/src/pages/AdminSettings.tsx:13:26)
    at Router (C:\GitRepos\strata-client\frontend\node_modules\react-router\dist\umd\react-router.development.js:1207:17)
    at BrowserRouter (C:\GitRepos\strata-client\frontend\node_modules\react-router-dom\dist\umd\react-router-dom.development.js:695:7)

[90mstderr[2m | src/__tests__/AdminSettings.test.tsx[2m > [22m[2mSessionsTab[2m > [22m[2mrenders Live and Rewind buttons
[22m[39mWarning: An update to AdminSettings inside a test was not wrapped in act(...).

When testing, code that causes React state updates should be wrapped into act(...):

act(() => {
  /* fire events that update state */
});
/* assert on the output */

This ensures that you're testing the behavior the user would see in the browser. Learn more at https://reactjs.org/link/wrap-tests-with-act
    at AdminSettings (C:/GitRepos/strata-client/frontend/src/pages/AdminSettings.tsx:13:26)
    at Router (C:\GitRepos\strata-client\frontend\node_modules\react-router\dist\umd\react-router.development.js:1207:17)
    at BrowserRouter (C:\GitRepos\strata-client\frontend\node_modules\react-router-dom\dist\umd\react-router-dom.development.js:695:7)
Warning: An update to AdminSettings inside a test was not wrapped in act(...).

When testing, code that causes React state updates should be wrapped into act(...):

act(() => {
  /* fire events that update state */
});
/* assert on the output */

This ensures that you're testing the behavior the user would see in the browser. Learn more at https://reactjs.org/link/wrap-tests-with-act
    at AdminSettings (C:/GitRepos/strata-client/frontend/src/pages/AdminSettings.tsx:13:26)
    at Router (C:\GitRepos\strata-client\frontend\node_modules\react-router\dist\umd\react-router.development.js:1207:17)
    at BrowserRouter (C:\GitRepos\strata-client\frontend\node_modules\react-router-dom\dist\umd\react-router-dom.development.js:695:7)
Warning: An update to AdminSettings inside a test was not wrapped in act(...).

When testing, code that causes React state updates should be wrapped into act(...):

act(() => {
  /* fire events that update state */
});
/* assert on the output */

This ensures that you're testing the behavior the user would see in the browser. Learn more at https://reactjs.org/link/wrap-tests-with-act
    at AdminSettings (C:/GitRepos/strata-client/frontend/src/pages/AdminSettings.tsx:13:26)
    at Router (C:\GitRepos\strata-client\frontend\node_modules\react-router\dist\umd\react-router.development.js:1207:17)
    at BrowserRouter (C:\GitRepos\strata-client\frontend\node_modules\react-router-dom\dist\umd\react-router-dom.development.js:695:7)
Warning: An update to AdminSettings inside a test was not wrapped in act(...).

When testing, code that causes React state updates should be wrapped into act(...):

act(() => {
  /* fire events that update state */
});
/* assert on the output */

This ensures that you're testing the behavior the user would see in the browser. Learn more at https://reactjs.org/link/wrap-tests-with-act
    at AdminSettings (C:/GitRepos/strata-client/frontend/src/pages/AdminSettings.tsx:13:26)
    at Router (C:\GitRepos\strata-client\frontend\node_modules\react-router\dist\umd\react-router.development.js:1207:17)
    at BrowserRouter (C:\GitRepos\strata-client\frontend\node_modules\react-router-dom\dist\umd\react-router-dom.development.js:695:7)
Warning: An update to AdminSettings inside a test was not wrapped in act(...).

When testing, code that causes React state updates should be wrapped into act(...):

act(() => {
  /* fire events that update state */
});
/* assert on the output */

This ensures that you're testing the behavior the user would see in the browser. Learn more at https://reactjs.org/link/wrap-tests-with-act
    at AdminSettings (C:/GitRepos/strata-client/frontend/src/pages/AdminSettings.tsx:13:26)
    at Router (C:\GitRepos\strata-client\frontend\node_modules\react-router\dist\umd\react-router.development.js:1207:17)
    at BrowserRouter (C:\GitRepos\strata-client\frontend\node_modules\react-router-dom\dist\umd\react-router-dom.development.js:695:7)

[90mstderr[2m | src/__tests__/AdminSettings.test.tsx[2m > [22m[2mSessionsTab[2m > [22m[2mrenders Live and Rewind buttons
[22m[39mWarning: An update to HealthTab inside a test was not wrapped in act(...).

When testing, code that causes React state updates should be wrapped into act(...):

act(() => {
  /* fire events that update state */
});
/* assert on the output */

This ensures that you're testing the behavior the user would see in the browser. Learn more at https://reactjs.org/link/wrap-tests-with-act
    at HealthTab (C:/GitRepos/strata-client/frontend/src/pages/AdminSettings.tsx:174:22)
    at div
    at AdminSettings (C:/GitRepos/strata-client/frontend/src/pages/AdminSettings.tsx:13:26)
    at Router (C:\GitRepos\strata-client\frontend\node_modules\react-router\dist\umd\react-router.development.js:1207:17)
    at BrowserRouter (C:\GitRepos\strata-client\frontend\node_modules\react-router-dom\dist\umd\react-router-dom.development.js:695:7)
Warning: An update to HealthTab inside a test was not wrapped in act(...).

When testing, code that causes React state updates should be wrapped into act(...):

act(() => {
  /* fire events that update state */
});
/* assert on the output */

This ensures that you're testing the behavior the user would see in the browser. Learn more at https://reactjs.org/link/wrap-tests-with-act
    at HealthTab (C:/GitRepos/strata-client/frontend/src/pages/AdminSettings.tsx:174:22)
    at div
    at AdminSettings (C:/GitRepos/strata-client/frontend/src/pages/AdminSettings.tsx:13:26)
    at Router (C:\GitRepos\strata-client\frontend\node_modules\react-router\dist\umd\react-router.development.js:1207:17)
    at BrowserRouter (C:\GitRepos\strata-client\frontend\node_modules\react-router-dom\dist\umd\react-router-dom.development.js:695:7)

[90mstderr[2m | src/__tests__/AdminSettings.test.tsx[2m > [22m[2mSessionsTab[2m > [22m[2mrenders Live and Rewind buttons
[22m[39mWarning: An update to HealthTab inside a test was not wrapped in act(...).

When testing, code that causes React state updates should be wrapped into act(...):

act(() => {
  /* fire events that update state */
});
/* assert on the output */

This ensures that you're testing the behavior the user would see in the browser. Learn more at https://reactjs.org/link/wrap-tests-with-act
    at HealthTab (C:/GitRepos/strata-client/frontend/src/pages/AdminSettings.tsx:174:22)
    at div
    at AdminSettings (C:/GitRepos/strata-client/frontend/src/pages/AdminSettings.tsx:13:26)
    at Router (C:\GitRepos\strata-client\frontend\node_modules\react-router\dist\umd\react-router.development.js:1207:17)
    at BrowserRouter (C:\GitRepos\strata-client\frontend\node_modules\react-router-dom\dist\umd\react-router-dom.development.js:695:7)

[90mstderr[2m | src/__tests__/AdminSettings.test.tsx[2m > [22m[2mSessionsTab[2m > [22m[2mdisables refresh while loading
[22m[39mWarning: An update to AdminSettings inside a test was not wrapped in act(...).

When testing, code that causes React state updates should be wrapped into act(...):

act(() => {
  /* fire events that update state */
});
/* assert on the output */

This ensures that you're testing the behavior the user would see in the browser. Learn more at https://reactjs.org/link/wrap-tests-with-act
    at AdminSettings (C:/GitRepos/strata-client/frontend/src/pages/AdminSettings.tsx:13:26)
    at Router (C:\GitRepos\strata-client\frontend\node_modules\react-router\dist\umd\react-router.development.js:1207:17)
    at BrowserRouter (C:\GitRepos\strata-client\frontend\node_modules\react-router-dom\dist\umd\react-router-dom.development.js:695:7)
Warning: An update to AdminSettings inside a test was not wrapped in act(...).

When testing, code that causes React state updates should be wrapped into act(...):

act(() => {
  /* fire events that update state */
});
/* assert on the output */

This ensures that you're testing the behavior the user would see in the browser. Learn more at https://reactjs.org/link/wrap-tests-with-act
    at AdminSettings (C:/GitRepos/strata-client/frontend/src/pages/AdminSettings.tsx:13:26)
    at Router (C:\GitRepos\strata-client\frontend\node_modules\react-router\dist\umd\react-router.development.js:1207:17)
    at BrowserRouter (C:\GitRepos\strata-client\frontend\node_modules\react-router-dom\dist\umd\react-router-dom.development.js:695:7)
Warning: An update to AdminSettings inside a test was not wrapped in act(...).

When testing, code that causes React state updates should be wrapped into act(...):

act(() => {
  /* fire events that update state */
});
/* assert on the output */

This ensures that you're testing the behavior the user would see in the browser. Learn more at https://reactjs.org/link/wrap-tests-with-act
    at AdminSettings (C:/GitRepos/strata-client/frontend/src/pages/AdminSettings.tsx:13:26)
    at Router (C:\GitRepos\strata-client\frontend\node_modules\react-router\dist\umd\react-router.development.js:1207:17)
    at BrowserRouter (C:\GitRepos\strata-client\frontend\node_modules\react-router-dom\dist\umd\react-router-dom.development.js:695:7)
Warning: An update to AdminSettings inside a test was not wrapped in act(...).

When testing, code that causes React state updates should be wrapped into act(...):

act(() => {
  /* fire events that update state */
});
/* assert on the output */

This ensures that you're testing the behavior the user would see in the browser. Learn more at https://reactjs.org/link/wrap-tests-with-act
    at AdminSettings (C:/GitRepos/strata-client/frontend/src/pages/AdminSettings.tsx:13:26)
    at Router (C:\GitRepos\strata-client\frontend\node_modules\react-router\dist\umd\react-router.development.js:1207:17)
    at BrowserRouter (C:\GitRepos\strata-client\frontend\node_modules\react-router-dom\dist\umd\react-router-dom.development.js:695:7)
Warning: An update to AdminSettings inside a test was not wrapped in act(...).

When testing, code that causes React state updates should be wrapped into act(...):

act(() => {
  /* fire events that update state */
});
/* assert on the output */

This ensures that you're testing the behavior the user would see in the browser. Learn more at https://reactjs.org/link/wrap-tests-with-act
    at AdminSettings (C:/GitRepos/strata-client/frontend/src/pages/AdminSettings.tsx:13:26)
    at Router (C:\GitRepos\strata-client\frontend\node_modules\react-router\dist\umd\react-router.development.js:1207:17)
    at BrowserRouter (C:\GitRepos\strata-client\frontend\node_modules\react-router-dom\dist\umd\react-router-dom.development.js:695:7)

[90mstderr[2m | src/__tests__/AdminSettings.test.tsx[2m > [22m[2mSessionsTab[2m > [22m[2mdisables refresh while loading
[22m[39mWarning: An update to HealthTab inside a test was not wrapped in act(...).

When testing, code that causes React state updates should be wrapped into act(...):

act(() => {
  /* fire events that update state */
});
/* assert on the output */

This ensures that you're testing the behavior the user would see in the browser. Learn more at https://reactjs.org/link/wrap-tests-with-act
    at HealthTab (C:/GitRepos/strata-client/frontend/src/pages/AdminSettings.tsx:174:22)
    at div
    at AdminSettings (C:/GitRepos/strata-client/frontend/src/pages/AdminSettings.tsx:13:26)
    at Router (C:\GitRepos\strata-client\frontend\node_modules\react-router\dist\umd\react-router.development.js:1207:17)
    at BrowserRouter (C:\GitRepos\strata-client\frontend\node_modules\react-router-dom\dist\umd\react-router-dom.development.js:695:7)
Warning: An update to HealthTab inside a test was not wrapped in act(...).

When testing, code that causes React state updates should be wrapped into act(...):

act(() => {
  /* fire events that update state */
});
/* assert on the output */

This ensures that you're testing the behavior the user would see in the browser. Learn more at https://reactjs.org/link/wrap-tests-with-act
    at HealthTab (C:/GitRepos/strata-client/frontend/src/pages/AdminSettings.tsx:174:22)
    at div
    at AdminSettings (C:/GitRepos/strata-client/frontend/src/pages/AdminSettings.tsx:13:26)
    at Router (C:\GitRepos\strata-client\frontend\node_modules\react-router\dist\umd\react-router.development.js:1207:17)
    at BrowserRouter (C:\GitRepos\strata-client\frontend\node_modules\react-router-dom\dist\umd\react-router-dom.development.js:695:7)

[90mstderr[2m | src/__tests__/AdminSettings.test.tsx[2m > [22m[2mSessionsTab[2m > [22m[2mdisables refresh while loading
[22m[39mWarning: An update to HealthTab inside a test was not wrapped in act(...).

When testing, code that causes React state updates should be wrapped into act(...):

act(() => {
  /* fire events that update state */
});
/* assert on the output */

This ensures that you're testing the behavior the user would see in the browser. Learn more at https://reactjs.org/link/wrap-tests-with-act
    at HealthTab (C:/GitRepos/strata-client/frontend/src/pages/AdminSettings.tsx:174:22)
    at div
    at AdminSettings (C:/GitRepos/strata-client/frontend/src/pages/AdminSettings.tsx:13:26)
    at Router (C:\GitRepos\strata-client\frontend\node_modules\react-router\dist\umd\react-router.development.js:1207:17)
    at BrowserRouter (C:\GitRepos\strata-client\frontend\node_modules\react-router-dom\dist\umd\react-router-dom.development.js:695:7)

[90mstderr[2m | src/__tests__/AdminSettings.test.tsx[2m > [22m[2mSessionsTab[2m > [22m[2mhandles fetch error gracefully
[22m[39mWarning: An update to AdminSettings inside a test was not wrapped in act(...).

When testing, code that causes React state updates should be wrapped into act(...):

act(() => {
  /* fire events that update state */
});
/* assert on the output */

This ensures that you're testing the behavior the user would see in the browser. Learn more at https://reactjs.org/link/wrap-tests-with-act
    at AdminSettings (C:/GitRepos/strata-client/frontend/src/pages/AdminSettings.tsx:13:26)
    at Router (C:\GitRepos\strata-client\frontend\node_modules\react-router\dist\umd\react-router.development.js:1207:17)
    at BrowserRouter (C:\GitRepos\strata-client\frontend\node_modules\react-router-dom\dist\umd\react-router-dom.development.js:695:7)
Warning: An update to AdminSettings inside a test was not wrapped in act(...).

When testing, code that causes React state updates should be wrapped into act(...):

act(() => {
  /* fire events that update state */
});
/* assert on the output */

This ensures that you're testing the behavior the user would see in the browser. Learn more at https://reactjs.org/link/wrap-tests-with-act
    at AdminSettings (C:/GitRepos/strata-client/frontend/src/pages/AdminSettings.tsx:13:26)
    at Router (C:\GitRepos\strata-client\frontend\node_modules\react-router\dist\umd\react-router.development.js:1207:17)
    at BrowserRouter (C:\GitRepos\strata-client\frontend\node_modules\react-router-dom\dist\umd\react-router-dom.development.js:695:7)
Warning: An update to AdminSettings inside a test was not wrapped in act(...).

When testing, code that causes React state updates should be wrapped into act(...):

act(() => {
  /* fire events that update state */
});
/* assert on the output */

This ensures that you're testing the behavior the user would see in the browser. Learn more at https://reactjs.org/link/wrap-tests-with-act
    at AdminSettings (C:/GitRepos/strata-client/frontend/src/pages/AdminSettings.tsx:13:26)
    at Router (C:\GitRepos\strata-client\frontend\node_modules\react-router\dist\umd\react-router.development.js:1207:17)
    at BrowserRouter (C:\GitRepos\strata-client\frontend\node_modules\react-router-dom\dist\umd\react-router-dom.development.js:695:7)
 [31mÔØ»[39m src/__tests__/AdminSettings.test.tsx [2m([22m[2m145 tests[22m[2m | [22m[31m39 failed[39m[2m)[22m[33m 21356[2mms[22m[39m
Warning: An update to AdminSettings inside a test was not wrapped in act(...).
     [32mÔ£ô[39m renders heading[32m 62[2mms[22m[39m

[31m     [31m├ù[31m renders all tab buttons[39m[32m 24[2mms[22m[39m
When testing, code that causes React state updates should be wrapped into act(...):
     [32mÔ£ô[39m defaults to health tab[32m 8[2mms[22m[39m

     [32mÔ£ô[39m switches tabs on click[32m 161[2mms[22m[39m
act(() => {
     [32mÔ£ô[39m shows error when API fails[32m 12[2mms[22m[39m
  /* fire events that update state */
[31m     [31m├ù[31m shows loading state initially[39m[32m 4[2mms[22m[39m
});
     [32mÔ£ô[39m shows connected/reachable badges when healthy[32m 18[2mms[22m[39m
/* assert on the output */
     [32mÔ£ô[39m shows disconnected/unreachable when down[32m 15[2mms[22m[39m

     [32mÔ£ô[39m shows vault mode badge[32m 16[2mms[22m[39m
This ensures that you're testing the behavior the user would see in the browser. Learn more at https://reactjs.org/link/wrap-tests-with-act
     [32mÔ£ô[39m shows vault not-configured message[32m 17[2mms[22m[39m
    at AdminSettings (C:/GitRepos/strata-client/frontend/src/pages/AdminSettings.tsx:13:26)
     [32mÔ£ô[39m shows vault address when configured[32m 15[2mms[22m[39m
    at Router (C:\GitRepos\strata-client\frontend\node_modules\react-router\dist\umd\react-router.development.js:1207:17)
     [32mÔ£ô[39m shows pool size from metrics[32m 8[2mms[22m[39m
    at BrowserRouter (C:\GitRepos\strata-client\frontend\node_modules\react-router-dom\dist\umd\react-router-dom.development.js:695:7)
     [32mÔ£ô[39m shows retry button when health fails[32m 10[2mms[22m[39m
Warning: An update to AdminSettings inside a test was not wrapped in act(...).
     [32mÔ£ô[39m Refresh button calls API again[32m 77[2mms[22m[39m

     [32mÔ£ô[39m shows vault external mode badge[32m 19[2mms[22m[39m
When testing, code that causes React state updates should be wrapped into act(...):
[31m     [31m├ù[31m shows Refreshing text while loading[39m[32m 6[2mms[22m[39m

     [32mÔ£ô[39m shows pool size pluralization for single instance[32m 24[2mms[22m[39m
act(() => {
     [32mÔ£ô[39m shows pool size pluralization for 3+ instances[32m 11[2mms[22m[39m
  /* fire events that update state */
     [32mÔ£ô[39m retry button reloads health[32m 62[2mms[22m[39m
});
     [32mÔ£ô[39m shows no pool size row when metrics is null[32m 17[2mms[22m[39m
/* assert on the output */
     [32mÔ£ô[39m renders SSO form with pre-filled values[32m 54[2mms[22m[39m

[31m     [31m├ù[31m shows test connection success[39m[33m 1052[2mms[22m[39m
This ensures that you're testing the behavior the user would see in the browser. Learn more at https://reactjs.org/link/wrap-tests-with-act
[31m     [31m├ù[31m shows test connection failure[39m[33m 1126[2mms[22m[39m
    at AdminSettings (C:/GitRepos/strata-client/frontend/src/pages/AdminSettings.tsx:13:26)
     [32mÔ£ô[39m saves SSO settings[32m 116[2mms[22m[39m
    at Router (C:\GitRepos\strata-client\frontend\node_modules\react-router\dist\umd\react-router.development.js:1207:17)
     [32mÔ£ô[39m disables test button when fields are empty[32m 52[2mms[22m[39m
    at BrowserRouter (C:\GitRepos\strata-client\frontend\node_modules\react-router-dom\dist\umd\react-router-dom.development.js:695:7)
[31m     [31m├ù[31m shows Testing├óÔé¼┬ª text while test is in progress[39m[32m 140[2mms[22m[39m

[31m     [31m├ù[31m renders callback URL[39m[33m 1074[2mms[22m[39m
[90mstderr[2m | src/__tests__/AdminSettings.test.tsx[2m > [22m[2mSessionsTab[2m > [22m[2mhandles fetch error gracefully
[31m     [31m├ù[31m handles non-Error exception in test connection[39m[33m 1156[2mms[22m[39m
[22m[39mWarning: An update to HealthTab inside a test was not wrapped in act(...).
     [32mÔ£ô[39m renders existing realms[32m 49[2mms[22m[39m

     [32mÔ£ô[39m shows empty state with no realms[32m 66[2mms[22m[39m
When testing, code that causes React state updates should be wrapped into act(...):
     [32mÔ£ô[39m opens new realm form[32m 102[2mms[22m[39m

     [32mÔ£ô[39m opens edit realm form[32m 147[2mms[22m[39m
act(() => {
     [33m[2mÔ£ô[22m[39m creates a new realm [33m 370[2mms[22m[39m
  /* fire events that update state */
     [32mÔ£ô[39m shows validation error for empty realm name[32m 187[2mms[22m[39m
});
     [32mÔ£ô[39m deletes a realm[32m 133[2mms[22m[39m
/* assert on the output */
     [32mÔ£ô[39m shows error on save failure[32m 278[2mms[22m[39m

     [32mÔ£ô[39m updates an existing realm[32m 125[2mms[22m[39m
This ensures that you're testing the behavior the user would see in the browser. Learn more at https://reactjs.org/link/wrap-tests-with-act
     [32mÔ£ô[39m cancel editing closes form[32m 130[2mms[22m[39m
    at HealthTab (C:/GitRepos/strata-client/frontend/src/pages/AdminSettings.tsx:174:22)
     [32mÔ£ô[39m shows KDC count and admin server in realm details[32m 59[2mms[22m[39m
    at div
[31m     [31m├ù[31m adds and removes KDC fields[39m[32m 160[2mms[22m[39m
    at AdminSettings (C:/GitRepos/strata-client/frontend/src/pages/AdminSettings.tsx:13:26)
     [32mÔ£ô[39m handles load error[32m 42[2mms[22m[39m
    at Router (C:\GitRepos\strata-client\frontend\node_modules\react-router\dist\umd\react-router.development.js:1207:17)
     [32mÔ£ô[39m handles delete error[32m 116[2mms[22m[39m
    at BrowserRouter (C:\GitRepos\strata-client\frontend\node_modules\react-router-dom\dist\umd\react-router-dom.development.js:695:7)
[31m     [31m├ù[31m shows Saving├óÔé¼┬ª text during save[39m[32m 271[2mms[22m[39m
Warning: An update to HealthTab inside a test was not wrapped in act(...).
     [32mÔ£ô[39m auto-sets is_default when first realm[32m 136[2mms[22m[39m

     [32mÔ£ô[39m renders recordings form[32m 73[2mms[22m[39m
When testing, code that causes React state updates should be wrapped into act(...):
     [32mÔ£ô[39m shows azure blob fields when azure selected[32m 55[2mms[22m[39m

     [32mÔ£ô[39m saves recording settings[32m 87[2mms[22m[39m
act(() => {
     [32mÔ£ô[39m hides azure fields when local storage[32m 76[2mms[22m[39m
  /* fire events that update state */
     [32mÔ£ô[39m saves recording settings with azure blob params[32m 120[2mms[22m[39m
});
     [32mÔ£ô[39m populates fields from settings[32m 80[2mms[22m[39m
/* assert on the output */
     [32mÔ£ô[39m renders vault form[32m 60[2mms[22m[39m

     [32mÔ£ô[39m shows bundled mode text[32m 33[2mms[22m[39m
This ensures that you're testing the behavior the user would see in the browser. Learn more at https://reactjs.org/link/wrap-tests-with-act
     [32mÔ£ô[39m shows external vault fields when external mode selected[32m 137[2mms[22m[39m
    at HealthTab (C:/GitRepos/strata-client/frontend/src/pages/AdminSettings.tsx:174:22)
     [32mÔ£ô[39m saves vault settings[32m 104[2mms[22m[39m
    at div
     [32mÔ£ô[39m saves credential TTL[32m 116[2mms[22m[39m
    at AdminSettings (C:/GitRepos/strata-client/frontend/src/pages/AdminSettings.tsx:13:26)
     [33m[2mÔ£ô[22m[39m saves external vault settings [33m 680[2mms[22m[39m
    at Router (C:\GitRepos\strata-client\frontend\node_modules\react-router\dist\umd\react-router.development.js:1207:17)
[31m     [31m├ù[31m shows Saving├óÔé¼┬ª during vault save[39m[32m 78[2mms[22m[39m
    at BrowserRouter (C:\GitRepos\strata-client\frontend\node_modules\react-router-dom\dist\umd\react-router-dom.development.js:695:7)
     [32mÔ£ô[39m shows current vault mode from health data[32m 34[2mms[22m[39m

     [32mÔ£ô[39m shows external current mode[32m 76[2mms[22m[39m
[90mstderr[2m | src/__tests__/AdminSettings.test.tsx[2m > [22m[2mSessionsTab[2m > [22m[2mhandles fetch error gracefully
[31m     [31m├ù[31m shows TTL saving state[39m[32m 103[2mms[22m[39m
[22m[39mWarning: An update to HealthTab inside a test was not wrapped in act(...).
     [32mÔ£ô[39m displays TTL hours from settings[32m 75[2mms[22m[39m

     [32mÔ£ô[39m handles invalid TTL with default 12[32m 39[2mms[22m[39m
When testing, code that causes React state updates should be wrapped into act(...):
     [32mÔ£ô[39m renders roles table[32m 52[2mms[22m[39m

[31m     [31m├ù[31m creates a new role[39m[32m 67[2mms[22m[39m
act(() => {
  /* fire events that update state */
     [32mÔ£ô[39m renders connections table[32m 50[2mms[22m[39m
     [32mÔ£ô[39m opens add connection form[32m 112[2mms[22m[39m
});
/* assert on the output */
[31m     [31m├ù[31m opens edit connection form[39m[32m 129[2mms[22m[39m
     [32mÔ£ô[39m filters connections by search[32m 223[2mms[22m[39m

This ensures that you're testing the behavior the user would see in the browser. Learn more at https://reactjs.org/link/wrap-tests-with-act
     [33m[2mÔ£ô[22m[39m creates a connection [33m 428[2mms[22m[39m
     [32mÔ£ô[39m deletes a connection with confirm[32m 106[2mms[22m[39m
    at HealthTab (C:/GitRepos/strata-client/frontend/src/pages/AdminSettings.tsx:174:22)
    at div
     [32mÔ£ô[39m does not delete when confirm is cancelled[32m 131[2mms[22m[39m
     [32mÔ£ô[39m shows connection description[32m 52[2mms[22m[39m
    at AdminSettings (C:/GitRepos/strata-client/frontend/src/pages/AdminSettings.tsx:13:26)
    at Router (C:\GitRepos\strata-client\frontend\node_modules\react-router\dist\umd\react-router.development.js:1207:17)
     [32mÔ£ô[39m shows folder name for folder-grouped connections[32m 51[2mms[22m[39m
[31m     [31m├ù[31m shows dash for unfolder-grouped connections[39m[32m 55[2mms[22m[39m
    at BrowserRouter (C:\GitRepos\strata-client\frontend\node_modules\react-router-dom\dist\umd\react-router-dom.development.js:695:7)

[31m     [31m├ù[31m shows pagination for many connections[39m[32m 81[2mms[22m[39m
[31m     [31m├ù[31m resets page on search[39m[32m 89[2mms[22m[39m

[31mÔÄ»ÔÄ»ÔÄ»ÔÄ»ÔÄ»ÔÄ»[39m[1m[41m Failed Tests 39 [49m[22m[31mÔÄ»ÔÄ»ÔÄ»ÔÄ»ÔÄ»ÔÄ»ÔÄ»[39m
     [32mÔ£ô[39m shows connection count[32m 68[2mms[22m[39m
     [32mÔ£ô[39m shows filtered count[32m 208[2mms[22m[39m

[41m[1m FAIL [22m[49m src/__tests__/AdminSettings.test.tsx[2m > [22mAdminSettings[2m > [22mrenders all tab buttons
[31m     [31m├ù[31m updates connection via edit form[39m[33m 1135[2mms[22m[39m
[31m     [31m├ù[31m closes form after connection deleted if editing same id[39m[32m 120[2mms[22m[39m
[31m[1mTestingLibraryElementError[22m: Unable to find an element with the text: Sessions. This could be because the text is broken up 
by multiple elements. In this case, you can provide a function for your text matcher to make your matcher more flexible.

     [32mÔ£ô[39m cancel closes the add form[32m 166[2mms[22m[39m
     [32mÔ£ô[39m renders users table with OIDC sub[32m 63[2mms[22m[39m
Ignored nodes: comments, script, style
[36m<body>[31m
[31m     [31m├ù[31m shows dash when user has no OIDC sub[39m[32m 69[2mms[22m[39m
     [32mÔ£ô[39m shows no folders empty state[32m 43[2mms[22m[39m
  [36m<div>[31m
    [36m<div>[31m
     [32mÔ£ô[39m renders folders table[32m 64[2mms[22m[39m
     [32mÔ£ô[39m creates a folder[32m 265[2mms[22m[39m
      [36m<h1>[31m
        [0mAdmin Settings[0m
     [32mÔ£ô[39m deletes a folder with confirm[32m 70[2mms[22m[39m
[31m     [31m├ù[31m disables Add Role button when role name is empty[39m[33m 1055[2mms[22m[39m
      [36m</h1>[31m
      [36m<div[31m
     [32mÔ£ô[39m disables Add Folder button when name is empty[32m 76[2mms[22m[39m
[31m     [31m├ù[31m highlights currently edited connection row[39m[32m 106[2mms[22m[39m
        [33mclass[31m=[32m"tabs"[31m
      [36m>[31m
[31m     [31m├ù[31m renders active sessions[39m[32m 7[2mms[22m[39m
[31m     [31m├ù[31m shows empty state with no sessions[39m[32m 8[2mms[22m[39m
        [36m<button[31m
          [33mclass[31m=[32m"tab tab-active"[31m
[31m     [31m├ù[31m shows session duration[39m[32m 8[2mms[22m[39m
[31m     [31m├ù[31m shows buffer depth[39m[32m 8[2mms[22m[39m
        [36m>[31m
          [0mHealth[0m
[31m     [31m├ù[31m shows buffer with seconds[39m[32m 7[2mms[22m[39m
[31m     [31m├ù[31m shows buffer with minutes and seconds[39m[32m 6[2mms[22m[39m
        [36m</button>[31m
        [36m<button[31m
[31m     [31m├ù[31m renders Live and Rewind buttons[39m[32m 7[2mms[22m[39m
[31m     [31m├ù[31m disables refresh while loading[39m[32m 9[2mms[22m[39m
          [33mclass[31m=[32m"tab "[31m
        [36m>[31m
[31m     [31m├ù[31m handles fetch error gracefully[39m[32m 5[2mms[22m[39m
     [32mÔ£ô[39m renders AD sync configs[32m 41[2mms[22m[39m
          [0mSSO / OIDC[0m
        [36m</button>[31m
     [32mÔ£ô[39m shows empty state with no configs[32m 47[2mms[22m[39m
     [32mÔ£ô[39m shows enabled badge on config[32m 49[2mms[22m[39m
        [36m<button[31m
          [33mclass[31m=[32m"tab "[31m
     [32mÔ£ô[39m shows disabled badge[32m 47[2mms[22m[39m
     [32mÔ£ô[39m shows config details[32m 62[2mms[22m[39m
        [36m>[31m
          [0mKerberos[0m
     [32mÔ£ô[39m opens add source form[32m 122[2mms[22m[39m
        [36m</button>[31m
     [32mÔ£ô[39m opens edit source form[32m 114[2mms[22m[39m
     [33m[2mÔ£ô[22m[39m saves a new config [33m 689[2mms[22m[39m
        [36m<button[31m
          [33mclass[31m=[32m"tab "[31m
     [32mÔ£ô[39m saves when updating existing config[32m 173[2mms[22m[39m
     [32mÔ£ô[39m deletes config with confirm[32m 114[2mms[22m[39m
        [36m>[31m
          [0mVault[0m
     [32mÔ£ô[39m does not delete when confirm is cancelled[32m 109[2mms[22m[39m
[31m     [31m├ù[31m triggers sync[39m[32m 64[2mms[22m[39m
        [36m</button>[31m
        [36m<button[31m
[31m     [31m├ù[31m shows Syncing├óÔé¼┬ª while sync in progress[39m[32m 63[2mms[22m[39m
     [32mÔ£ô[39m shows sync history[32m 152[2mms[22m[39m
          [33mclass[31m=[32m"tab "[31m
        [36m>[31m
     [32mÔ£ô[39m shows empty sync history[32m 132[2mms[22m[39m
[31m     [31m├ù[31m back button returns from history to config list[39m[32m 116[2mms[22m[39m
          [0mRecordings[0m
        [36m</button>[31m
     [32mÔ£ô[39m cancel button returns from edit to config list[32m 215[2mms[22m[39m
     [32mÔ£ô[39m shows kerberos auth fields when kerberos method selected[32m 119[2mms[22m[39m
        [36m<button[31m
          [33mclass[31m=[32m"tab "[31m
[31m     [31m├ù[31m test connection shows success result[39m[32m 106[2mms[22m[39m
[31m     [31m├ù[31m test connection shows error result[39m[32m 101[2mms[22m[39m
        [36m>[31m
          [0mAccess[0m
[31m     [31m├ù[31m shows Testing├óÔé¼┬ª during test[39m[32m 93[2mms[22m[39m
     [32mÔ£ô[39m shows config with CA cert and TLS skip verify info[32m 52[2mms[22m[39m
        [36m</button>[31m
        [36m<button[31m
[31m     [31m├ù[31m shows config with CA cert loaded[39m[33m 1049[2mms[22m[39m
     [32mÔ£ô[39m shows search base management in edit form[32m 135[2mms[22m[39m
          [33mclass[31m=[32m"tab "[31m
        [36m>[31m
     [32mÔ£ô[39m shows sync history with error run[32m 126[2mms[22m[39m
     [32mÔ£ô[39m shows search filter dropdown in edit form[32m 106[2mms[22m[39m
          [0mAD Sync[0m
        [36m</button>[31m
     [32mÔ£ô[39m shows protocol select in edit form[32m 122[2mms[22m[39m
     [32mÔ£ô[39m shows search scope select in edit form[32m 114[2mms[22m[39m
        [36m<button[31m
          [33mclass[31m=[32m"tab "[31m
     [32mÔ£ô[39m shows default port field in edit form[32m 115[2mms[22m[39m
     [32mÔ£ô[39m shows sync interval field in edit form[32m 104[2mms[22m[39m
        [36m>[31m
     [32mÔ£ô[39m shows TLS skip verify checkbox in edit form[32m 101[2mms[22m[39m
     [32mÔ£ô[39m shows CA certificate option when TLS skip is unchecked[32m 100[2mms[22m[39m
     [32mÔ£ô[39m shows domain override field in edit form[32m 132[2mms[22m[39m
          [0mAudit Logs[0m
     [32mÔ£ô[39m shows connection folder select in edit form[32m 110[2mms[22m[39m
     [32mÔ£ô[39m shows enabled checkbox in edit form[32m 109[2mms[22m[39m
     [32mÔ£ô[39m hides CA cert option when TLS skip verify is checked[32m 113[2mms[22m[39m
        [36m</button>[31m
     [32mÔ£ô[39m shows replace certificate button when ca_cert is loaded in edit[32m 109[2mms[22m[39m
     [32mÔ£ô[39m renders security toggles[32m 62[2mms[22m[39m
     [32mÔ£ô[39m saves security settings[32m 128[2mms[22m[39m
        [36m<button[31m
     [32mÔ£ô[39m renders authentication method toggles[32m 66[2mms[22m[39m
     [32mÔ£ô[39m prevents disabling both auth methods (local off while SSO off)[32m 133[2mms[22m[39m
     [32mÔ£ô[39m prevents disabling both auth methods (SSO off while local off)[32m 117[2mms[22m[39m
          [33mclass[31m=[32m"tab "[31m
     [32mÔ£ô[39m allows toggling when other method is enabled[32m 114[2mms[22m[39m
     [32mÔ£ô[39m watermark checkbox toggles[32m 122[2mms[22m[39m
[31m     [31m├ù[31m shows Saving├óÔé¼┬ª during save[39m[32m 116[2mms[22m[39m
        [36m>[31m
     [32mÔ£ô[39m sends watermark and auth settings on save[32m 111[2mms[22m[39m
          [0mSecurity[0m
        [36m</button>[31m
      [36m</div>[31m
      [36m<div[31m
        [33mclass[31m=[32m"card"[31m
      [36m>[31m
        [36m<p[31m
          [33mclass[31m=[32m"text-txt-secondary"[31m
        [36m>[31m
          [0mLoading service healthÔÇª[0m
        [36m</p>[31m
      [36m</div>[31m
    [36m</div>[31m
  [36m</div>[31m
[36m</body>[31m[39m
[90m [2mÔØ»[22m Object.getElementError node_modules/@testing-library/dom/dist/config.js:[2m37:19[22m[39m
[90m [2mÔØ»[22m node_modules/@testing-library/dom/dist/query-helpers.js:[2m76:38[22m[39m
[90m [2mÔØ»[22m node_modules/@testing-library/dom/dist/query-helpers.js:[2m52:17[22m[39m
[90m [2mÔØ»[22m node_modules/@testing-library/dom/dist/query-helpers.js:[2m95:19[22m[39m
[36m [2mÔØ»[22m src/__tests__/AdminSettings.test.tsx:[2m131:21[22m[39m
    [90m129|[39m     [34mrenderAdmin[39m()[33m;[39m
    [90m130|[39m     for (const label of ['Health', 'SSO / OIDC', 'Kerberos', 'Vault', ÔÇª
    [90m131|[39m       [34mexpect[39m(screen[33m.[39m[34mgetByText[39m(label))[33m.[39m[34mtoBeInTheDocument[39m()[33m;[39m
    [90m   |[39m                     [31m^[39m
    [90m132|[39m     }
    [90m133|[39m   })[33m;[39m

[31m[2mÔÄ»ÔÄ»ÔÄ»ÔÄ»ÔÄ»ÔÄ»ÔÄ»ÔÄ»ÔÄ»ÔÄ»ÔÄ»ÔÄ»ÔÄ»ÔÄ»ÔÄ»ÔÄ»ÔÄ»ÔÄ»ÔÄ»ÔÄ»ÔÄ»ÔÄ»ÔÄ»[1/39]ÔÄ»[22m[39m

[41m[1m FAIL [22m[49m src/__tests__/AdminSettings.test.tsx[2m > [22mHealthTab[2m > [22mshows loading state initially
[31m[1mTestingLibraryElementError[22m: Unable to find an element with the text: Loading service health├óÔé¼┬ª. This could be because 
the text is broken up by multiple elements. In this case, you can provide a function for your text matcher to make your matcher more 
flexible.

Ignored nodes: comments, script, style
[36m<body>[31m
  [36m<div>[31m
    [36m<div>[31m
      [36m<h1>[31m
        [0mAdmin Settings[0m
      [36m</h1>[31m
      [36m<div[31m
        [33mclass[31m=[32m"tabs"[31m
      [36m>[31m
        [36m<button[31m
          [33mclass[31m=[32m"tab tab-active"[31m
        [36m>[31m
          [0mHealth[0m
        [36m</button>[31m
        [36m<button[31m
          [33mclass[31m=[32m"tab "[31m
        [36m>[31m
          [0mSSO / OIDC[0m
        [36m</button>[31m
        [36m<button[31m
          [33mclass[31m=[32m"tab "[31m
        [36m>[31m
          [0mKerberos[0m
        [36m</button>[31m
        [36m<button[31m
          [33mclass[31m=[32m"tab "[31m
        [36m>[31m
          [0mVault[0m
        [36m</button>[31m
        [36m<button[31m
          [33mclass[31m=[32m"tab "[31m
        [36m>[31m
          [0mRecordings[0m
        [36m</button>[31m
        [36m<button[31m
          [33mclass[31m=[32m"tab "[31m
        [36m>[31m
          [0mAccess[0m
        [36m</button>[31m
        [36m<button[31m
          [33mclass[31m=[32m"tab "[31m
        [36m>[31m
          [0mAD Sync[0m
        [36m</button>[31m
        [36m<button[31m
          [33mclass[31m=[32m"tab "[31m
        [36m>[31m
          [0mAudit Logs[0m
        [36m</button>[31m
        [36m<button[31m
          [33mclass[31m=[32m"tab "[31m
        [36m>[31m
          [0mSecurity[0m
        [36m</button>[31m
      [36m</div>[31m
      [36m<div[31m
        [33mclass[31m=[32m"card"[31m
      [36m>[31m
        [36m<p[31m
          [33mclass[31m=[32m"text-txt-secondary"[31m
        [36m>[31m
          [0mLoading service healthÔÇª[0m
        [36m</p>[31m
      [36m</div>[31m
    [36m</div>[31m
  [36m</div>[31m
[36m</body>[31m[39m
[90m [2mÔØ»[22m Object.getElementError node_modules/@testing-library/dom/dist/config.js:[2m37:19[22m[39m
[90m [2mÔØ»[22m node_modules/@testing-library/dom/dist/query-helpers.js:[2m76:38[22m[39m
[90m [2mÔØ»[22m node_modules/@testing-library/dom/dist/query-helpers.js:[2m52:17[22m[39m
[90m [2mÔØ»[22m node_modules/@testing-library/dom/dist/query-helpers.js:[2m95:19[22m[39m
[36m [2mÔØ»[22m src/__tests__/AdminSettings.test.tsx:[2m163:19[22m[39m
    [90m161|[39m     vi[33m.[39m[34mmocked[39m(getMetrics)[33m.[39m[34mmockReturnValue[39m([35mnew[39m [33mPromise[39m(() 
[33m=>[39m {}))[33m;[39m
    [90m162|[39m     [34mrenderAdmin[39m()[33m;[39m
    [90m163|[39m     expect(screen.getByText('Loading service health├óÔé¼┬ª')).toBeInTheDocÔÇª
    [90m   |[39m                   [31m^[39m
    [90m164|[39m   })[33m;[39m
    [90m165|[39m

[31m[2mÔÄ»ÔÄ»ÔÄ»ÔÄ»ÔÄ»ÔÄ»ÔÄ»ÔÄ»ÔÄ»ÔÄ»ÔÄ»ÔÄ»ÔÄ»ÔÄ»ÔÄ»ÔÄ»ÔÄ»ÔÄ»ÔÄ»ÔÄ»ÔÄ»ÔÄ»ÔÄ»[2/39]ÔÄ»[22m[39m

[41m[1m FAIL [22m[49m src/__tests__/AdminSettings.test.tsx[2m > [22mHealthTab[2m > [22mshows Refreshing text while loading
[31m[1mTestingLibraryElementError[22m: Unable to find an element with the text: Loading service health├óÔé¼┬ª. This could be because 
the text is broken up by multiple elements. In this case, you can provide a function for your text matcher to make your matcher more 
flexible.

Ignored nodes: comments, script, style
[36m<body>[31m
  [36m<div>[31m
    [36m<div>[31m
      [36m<h1>[31m
        [0mAdmin Settings[0m
      [36m</h1>[31m
      [36m<div[31m
        [33mclass[31m=[32m"tabs"[31m
      [36m>[31m
        [36m<button[31m
          [33mclass[31m=[32m"tab tab-active"[31m
        [36m>[31m
          [0mHealth[0m
        [36m</button>[31m
        [36m<button[31m
          [33mclass[31m=[32m"tab "[31m
        [36m>[31m
          [0mSSO / OIDC[0m
        [36m</button>[31m
        [36m<button[31m
          [33mclass[31m=[32m"tab "[31m
        [36m>[31m
          [0mKerberos[0m
        [36m</button>[31m
        [36m<button[31m
          [33mclass[31m=[32m"tab "[31m
        [36m>[31m
          [0mVault[0m
        [36m</button>[31m
        [36m<button[31m
          [33mclass[31m=[32m"tab "[31m
        [36m>[31m
          [0mRecordings[0m
        [36m</button>[31m
        [36m<button[31m
          [33mclass[31m=[32m"tab "[31m
        [36m>[31m
          [0mAccess[0m
        [36m</button>[31m
        [36m<button[31m
          [33mclass[31m=[32m"tab "[31m
        [36m>[31m
          [0mAD Sync[0m
        [36m</button>[31m
        [36m<button[31m
          [33mclass[31m=[32m"tab "[31m
        [36m>[31m
          [0mAudit Logs[0m
        [36m</button>[31m
        [36m<button[31m
          [33mclass[31m=[32m"tab "[31m
        [36m>[31m
          [0mSecurity[0m
        [36m</button>[31m
      [36m</div>[31m
      [36m<div[31m
        [33mclass[31m=[32m"card"[31m
      [36m>[31m
        [36m<p[31m
          [33mclass[31m=[32m"text-txt-secondary"[31m
        [36m>[31m
          [0mLoading service healthÔÇª[0m
        [36m</p>[31m
      [36m</div>[31m
    [36m</div>[31m
  [36m</div>[31m
[36m</body>[31m[39m
[90m [2mÔØ»[22m Object.getElementError node_modules/@testing-library/dom/dist/config.js:[2m37:19[22m[39m
[90m [2mÔØ»[22m node_modules/@testing-library/dom/dist/query-helpers.js:[2m76:38[22m[39m
[90m [2mÔØ»[22m node_modules/@testing-library/dom/dist/query-helpers.js:[2m52:17[22m[39m
[90m [2mÔØ»[22m node_modules/@testing-library/dom/dist/query-helpers.js:[2m95:19[22m[39m
[36m [2mÔØ»[22m src/__tests__/AdminSettings.test.tsx:[2m238:19[22m[39m
    [90m236|[39m     [34mrenderAdmin[39m()[33m;[39m
    [90m237|[39m     [90m// loading initially shows "Loading service health├óÔé¼┬ª"[39m
    [90m238|[39m     expect(screen.getByText('Loading service health├óÔé¼┬ª')).toBeInTheDocÔÇª
    [90m   |[39m                   [31m^[39m
    [90m239|[39m     [34mresolveHealth[39m(healthOk)[33m;[39m
    [90m240|[39m     [35mawait[39m screen[33m.[39m[34mfindByText[39m([32m'Connected'[39m)[33m;[39m

[31m[2mÔÄ»ÔÄ»ÔÄ»ÔÄ»ÔÄ»ÔÄ»ÔÄ»ÔÄ»ÔÄ»ÔÄ»ÔÄ»ÔÄ»ÔÄ»ÔÄ»ÔÄ»ÔÄ»ÔÄ»ÔÄ»ÔÄ»ÔÄ»ÔÄ»ÔÄ»ÔÄ»[3/39]ÔÄ»[22m[39m

[41m[1m FAIL [22m[49m src/__tests__/AdminSettings.test.tsx[2m > [22mSsoTab[2m > [22mshows test connection success
[31m[1mTestingLibraryElementError[22m[39m: Unable to find an element with the text: Issuer validated. This could be because the text 
is broken up by multiple elements. In this case, you can provide a function for your text matcher to make your matcher more flexible.

Ignored nodes: comments, script, style
[36m<body>[39m
  [36m<div>[39m
    [36m<div>[39m
      [36m<h1>[39m
        [0mAdmin Settings[0m
      [36m</h1>[39m
      [36m<div[39m
        [33mclass[39m=[32m"tabs"[39m
      [36m>[39m
        [36m<button[39m
          [33mclass[39m=[32m"tab "[39m
        [36m>[39m
          [0mHealth[0m
        [36m</button>[39m
        [36m<button[39m
          [33mclass[39m=[32m"tab tab-active"[39m
        [36m>[39m
          [0mSSO / OIDC[0m
        [36m</button>[39m
        [36m<button[39m
          [33mclass[39m=[32m"tab "[39m
        [36m>[39m
          [0mKerberos[0m
        [36m</button>[39m
        [36m<button[39m
          [33mclass[39m=[32m"tab "[39m
        [36m>[39m
          [0mVault[0m
        [36m</button>[39m
        [36m<button[39m
          [33mclass[39m=[32m"tab "[39m
        [36m>[39m
          [0mRecordings[0m
        [36m</button>[39m
        [36m<button[39m
          [33mclass[39m=[32m"tab "[39m
        [36m>[39m
          [0mAccess[0m
        [36m</button>[39m
        [36m<button[39m
          [33mclass[39m=[32m"tab "[39m
        [36m>[39m
          [0mAD Sync[0m
        [36m</button>[39m
        [36m<button[39m
          [33mclass[39m=[32m"tab "[39m
        [36m>[39m
          [0mAudit Logs[0m
        [36m</button>[39m
        [36m<button[39m
          [33mclass[39m=[32m"tab "[39m
        [36m>[39m
          [0mSecurity[0m
        [36m</button>[39m
      [36m</div>[39m
      [36m<div[39m
        [33mclass[39m=[32m"card"[39m
      [36m>[39m
        [36m<div[39m
          [33mclass[39m=[32m"flex items-center justify-between mb-4"[39m
        [36m>[39m
          [36m<h2[39m
            [33mclass[39m=[32m"!mb-0"[39m
          [36m>[39m
            [0mSSO / OIDC (Keycloak)[0m
          [36m</h2>[39m
          [36m<div[39m
            [33mclass[39m=[32m"flex flex-col items-end"[39m
          [36m>[39m
            [36m<span[39m
              [33mclass[39m=[32m"text-[10px] uppercase tracking-wider text-txt-tertiary font-bold mb-1"[39m
            [36m>[39m
              [0mCallback URL[0m
            [36m</span>[39m
            [36m<code[39m
              [33mclass[39m=[32m"text-[11px] bg-surface-tertiary px-2 py-1 rounded border border-border font-mono text-accent"[39m
            [36m>[39m
              [0mhttp://localhost:3000/api/auth/sso/callback[0m
            [36m</code>[39m
          [36m</div>[39m
        [36m</div>[39m
        [36m<div[39m
          [33mclass[39m=[32m"form-group"[39m
        [36m>[39m
          [36m<label>[39m
            [0mIssuer URL[0m
          [36m</label>[39m
          [36m<input[39m
            [33mplaceholder[39m=[32m"https://keycloak.example.com/realms/strata"[39m
            [33mvalue[39m=[32m"https://keycloak.example.com/realms/test"[39m
          [36m/>[39m
        [36m</div>[39m
        [36m<div[39m
          [33mclass[39m=[32m"form-group"[39m
        [36m>[39m
          [36m<label>[39m
            [0mClient ID[0m
          [36m</label>[39m
          [36m<input[39m
            [33mvalue[39m=[32m"strata-client"[39m
          [36m/>[39m
        [36m</div>[39m
        [36m<div[39m
          [33mclass[39m=[32m"form-group"[39m
        [36m>[39m
          [36m<label>[39m
            [0mClient Secret[0m
          [36m</label>[39m
          [36m<input[39m
            [33mplaceholder[39m=[32m""[39m
            [33mtype[39m=[32m"password"[39m
            [33mvalue[39m=[32m""[39m
          [36m/>[39m
        [36m</div>[39m
        [36m<div[39m
          [33mclass[39m=[32m"flex items-center gap-3"[39m
        [36m>[39m
          [36m<button[39m
            [33mclass[39m=[32m"btn-primary"[39m
          [36m>[39m
            [0mSave SSO Settings[0m
          [36m</button>[39m
          [36m<button[39m
            [33mclass[39m=[32m"btn"[39m
            [33mdisabled[39m=[32m""[39m
          [36m>[39m
            [0mTest Connection[0m
          [36m</button>[39m
        [36m</div>[39m
      [36m</div>[39m
    [36m</div>[39m
  [36m</div>[39m
[36m</body>[39m

Ignored nodes: comments, script, style
[36m<body>[39m
  [36m<div>[39m
    [36m<div>[39m
      [36m<h1>[39m
        [0mAdmin Settings[0m
      [36m</h1>[39m
      [36m<div[39m
        [33mclass[39m=[32m"tabs"[39m
      [36m>[39m
        [36m<button[39m
          [33mclass[39m=[32m"tab "[39m
        [36m>[39m
          [0mHealth[0m
        [36m</button>[39m
        [36m<button[39m
          [33mclass[39m=[32m"tab tab-active"[39m
        [36m>[39m
          [0mSSO / OIDC[0m
        [36m</button>[39m
        [36m<button[39m
          [33mclass[39m=[32m"tab "[39m
        [36m>[39m
          [0mKerberos[0m
        [36m</button>[39m
        [36m<button[39m
          [33mclass[39m=[32m"tab "[39m
        [36m>[39m
          [0mVault[0m
        [36m</button>[39m
        [36m<button[39m
          [33mclass[39m=[32m"tab "[39m
        [36m>[39m
          [0mRecordings[0m
        [36m</button>[39m
        [36m<button[39m
          [33mclass[39m=[32m"tab "[39m
        [36m>[39m
          [0mAccess[0m
        [36m</button>[39m
        [36m<button[39m
          [33mclass[39m=[32m"tab "[39m
        [36m>[39m
          [0mAD Sync[0m
        [36m</button>[39m
        [36m<button[39m
          [33mclass[39m=[32m"tab "[39m
        [36m>[39m
          [0mAudit Logs[0m
        [36m</button>[39m
        [36m<button[39m
          [33mclass[39m=[32m"tab "[39m
        [36m>[39m
          [0mSecurity[0m
        [36m</button>[39m
      [36m</div>[39m
      [36m<div[39m
        [33mclass[39m=[32m"card"[39m
      [36m>[39m
        [36m<div[39m
          [33mclass[39m=[32m"flex items-center justify-between mb-4"[39m
        [36m>[39m
          [36m<h2[39m
            [33mclass[39m=[32m"!mb-0"[39m
          [36m>[39m
            [0mSSO / OIDC (Keycloak)[0m
          [36m</h2>[39m
          [36m<div[39m
            [33mclass[39m=[32m"flex flex-col items-end"[39m
          [36m>[39m
            [36m<span[39m
              [33mclass[39m=[32m"text-[10px] uppercase tracking-wider text-txt-tertiary font-bold mb-1"[39m
            [36m>[39m
              [0mCallback URL[0m
            [36m</span>[39m
            [36m<code[39m
              [33mclass[39m=[32m"text-[11px] bg-surface-tertiary px-2 py-1 rounded border border-border font-mono text-accent"[39m
            [36m>[39m
              [0mhttp://localhost:3000/api/auth/sso/callback[0m
            [36m</code>[39m
          [36m</div>[39m
        [36m</div>[39m
        [36m<div[39m
          [33mclass[39m=[32m"form-group"[39m
        [36m>[39m
          [36m<label>[39m
            [0mIssuer URL[0m
          [36m</label>[39m
          [36m<input[39m
            [33mplaceholder[39m=[32m"https://keycloak.example.com/realms/strata"[39m
            [33mvalue[39m=[32m"https://keycloak.example.com/realms/test"[39m
          [36m/>[39m
        [36m</div>[39m
        [36m<div[39m
          [33mclass[39m=[32m"form-group"[39m
        [36m>[39m
          [36m<label>[39m
            [0mClient ID[0m
          [36m</label>[39m
          [36m<input[39m
            [33mvalue[39m=[32m"strata-client"[39m
          [36m/>[39m
        [36m</div>[39m
        [36m<div[39m
          [33mclass[39m=[32m"form-group"[39m
        [36m>[39m
          [36m<label>[39m
            [0mClient Secret[0m
          [36m</label>[39m
          [36m<input[39m
            [33mplaceholder[39m=[32m""[39m
            [33mtype[39m=[32m"password"[39m
            [33mvalue[39m=[32m""[39m
          [36m/>[39m
        [36m</div>[39m
        [36m<div[39m
          [33mclass[39m=[32m"flex items-center gap-3"[39m
        [36m>[39m
          [36m<button[39m
            [33mclass[39m=[32m"btn-primary"[39m
          [36m>[39m
            [0mSave SSO Settings[0m
          [36m</button>[39m
          [36m<button[39m
            [33mclass[39m=[32m"btn"[39m
            [33mdisabled[39m=[32m""[39m
          [36m>[39m
            [0mTest Connection[0m
          [36m</button>[39m
        [36m</div>[39m
      [36m</div>[39m
    [36m</div>[39m
  [36m</div>[39m
[36m</body>[39m
[90m [2mÔØ»[22m waitForWrapper node_modules/@testing-library/dom/dist/wait-for.js:[2m163:27[22m[39m
[90m [2mÔØ»[22m node_modules/@testing-library/dom/dist/query-helpers.js:[2m86:33[22m[39m
[36m [2mÔØ»[22m src/__tests__/AdminSettings.test.tsx:[2m306:25[22m[39m
    [90m304|[39m     [35mawait[39m screen[33m.[39m[34mfindByDisplayValue[39m([32m'strata-client'[39m)[33m;[39m
    [90m305|[39m     [35mawait[39m user[33m.[39m[34mclick[39m(screen[33m.[39m[34mgetByText[39m([32m'Test 
Connection'[39m))[33m;[39m
    [90m306|[39m     expect(await screen.findByText('Issuer validated')).toBeInTheDocumÔÇª
    [90m   |[39m                         [31m^[39m
    [90m307|[39m   })[33m;[39m
    [90m308|[39m

[31m[2mÔÄ»ÔÄ»ÔÄ»ÔÄ»ÔÄ»ÔÄ»ÔÄ»ÔÄ»ÔÄ»ÔÄ»ÔÄ»ÔÄ»ÔÄ»ÔÄ»ÔÄ»ÔÄ»ÔÄ»ÔÄ»ÔÄ»ÔÄ»ÔÄ»ÔÄ»ÔÄ»[4/39]ÔÄ»[22m[39m

[41m[1m FAIL [22m[49m src/__tests__/AdminSettings.test.tsx[2m > [22mSsoTab[2m > [22mshows test connection failure
[31m[1mTestingLibraryElementError[22m[39m: Unable to find an element with the text: Connection refused. This could be because the text 
is broken up by multiple elements. In this case, you can provide a function for your text matcher to make your matcher more flexible.

Ignored nodes: comments, script, style
[36m<body>[39m
  [36m<div>[39m
    [36m<div>[39m
      [36m<h1>[39m
        [0mAdmin Settings[0m
      [36m</h1>[39m
      [36m<div[39m
        [33mclass[39m=[32m"tabs"[39m
      [36m>[39m
        [36m<button[39m
          [33mclass[39m=[32m"tab "[39m
        [36m>[39m
          [0mHealth[0m
        [36m</button>[39m
        [36m<button[39m
          [33mclass[39m=[32m"tab tab-active"[39m
        [36m>[39m
          [0mSSO / OIDC[0m
        [36m</button>[39m
        [36m<button[39m
          [33mclass[39m=[32m"tab "[39m
        [36m>[39m
          [0mKerberos[0m
        [36m</button>[39m
        [36m<button[39m
          [33mclass[39m=[32m"tab "[39m
        [36m>[39m
          [0mVault[0m
        [36m</button>[39m
        [36m<button[39m
          [33mclass[39m=[32m"tab "[39m
        [36m>[39m
          [0mRecordings[0m
        [36m</button>[39m
        [36m<button[39m
          [33mclass[39m=[32m"tab "[39m
        [36m>[39m
          [0mAccess[0m
        [36m</button>[39m
        [36m<button[39m
          [33mclass[39m=[32m"tab "[39m
        [36m>[39m
          [0mAD Sync[0m
        [36m</button>[39m
        [36m<button[39m
          [33mclass[39m=[32m"tab "[39m
        [36m>[39m
          [0mAudit Logs[0m
        [36m</button>[39m
        [36m<button[39m
          [33mclass[39m=[32m"tab "[39m
        [36m>[39m
          [0mSecurity[0m
        [36m</button>[39m
      [36m</div>[39m
      [36m<div[39m
        [33mclass[39m=[32m"card"[39m
      [36m>[39m
        [36m<div[39m
          [33mclass[39m=[32m"flex items-center justify-between mb-4"[39m
        [36m>[39m
          [36m<h2[39m
            [33mclass[39m=[32m"!mb-0"[39m
          [36m>[39m
            [0mSSO / OIDC (Keycloak)[0m
          [36m</h2>[39m
          [36m<div[39m
            [33mclass[39m=[32m"flex flex-col items-end"[39m
          [36m>[39m
            [36m<span[39m
              [33mclass[39m=[32m"text-[10px] uppercase tracking-wider text-txt-tertiary font-bold mb-1"[39m
            [36m>[39m
              [0mCallback URL[0m
            [36m</span>[39m
            [36m<code[39m
              [33mclass[39m=[32m"text-[11px] bg-surface-tertiary px-2 py-1 rounded border border-border font-mono text-accent"[39m
            [36m>[39m
              [0mhttp://localhost:3000/api/auth/sso/callback[0m
            [36m</code>[39m
          [36m</div>[39m
        [36m</div>[39m
        [36m<div[39m
          [33mclass[39m=[32m"form-group"[39m
        [36m>[39m
          [36m<label>[39m
            [0mIssuer URL[0m
          [36m</label>[39m
          [36m<input[39m
            [33mplaceholder[39m=[32m"https://keycloak.example.com/realms/strata"[39m
            [33mvalue[39m=[32m"https://keycloak.example.com/realms/test"[39m
          [36m/>[39m
        [36m</div>[39m
        [36m<div[39m
          [33mclass[39m=[32m"form-group"[39m
        [36m>[39m
          [36m<label>[39m
            [0mClient ID[0m
          [36m</label>[39m
          [36m<input[39m
            [33mvalue[39m=[32m"strata-client"[39m
          [36m/>[39m
        [36m</div>[39m
        [36m<div[39m
          [33mclass[39m=[32m"form-group"[39m
        [36m>[39m
          [36m<label>[39m
            [0mClient Secret[0m
          [36m</label>[39m
          [36m<input[39m
            [33mplaceholder[39m=[32m""[39m
            [33mtype[39m=[32m"password"[39m
            [33mvalue[39m=[32m""[39m
          [36m/>[39m
        [36m</div>[39m
        [36m<div[39m
          [33mclass[39m=[32m"flex items-center gap-3"[39m
        [36m>[39m
          [36m<button[39m
            [33mclass[39m=[32m"btn-primary"[39m
          [36m>[39m
            [0mSave SSO Settings[0m
          [36m</button>[39m
          [36m<button[39m
            [33mclass[39m=[32m"btn"[39m
            [33mdisabled[39m=[32m""[39m
          [36m>[39m
            [0mTest Connection[0m
          [36m</button>[39m
        [36m</div>[39m
      [36m</div>[39m
    [36m</div>[39m
  [36m</div>[39m
[36m</body>[39m

Ignored nodes: comments, script, style
[36m<body>[39m
  [36m<div>[39m
    [36m<div>[39m
      [36m<h1>[39m
        [0mAdmin Settings[0m
      [36m</h1>[39m
      [36m<div[39m
        [33mclass[39m=[32m"tabs"[39m
      [36m>[39m
        [36m<button[39m
          [33mclass[39m=[32m"tab "[39m
        [36m>[39m
          [0mHealth[0m
        [36m</button>[39m
        [36m<button[39m
          [33mclass[39m=[32m"tab tab-active"[39m
        [36m>[39m
          [0mSSO / OIDC[0m
        [36m</button>[39m
        [36m<button[39m
          [33mclass[39m=[32m"tab "[39m
        [36m>[39m
          [0mKerberos[0m
        [36m</button>[39m
        [36m<button[39m
          [33mclass[39m=[32m"tab "[39m
        [36m>[39m
          [0mVault[0m
        [36m</button>[39m
        [36m<button[39m
          [33mclass[39m=[32m"tab "[39m
        [36m>[39m
          [0mRecordings[0m
        [36m</button>[39m
        [36m<button[39m
          [33mclass[39m=[32m"tab "[39m
        [36m>[39m
          [0mAccess[0m
        [36m</button>[39m
        [36m<button[39m
          [33mclass[39m=[32m"tab "[39m
        [36m>[39m
          [0mAD Sync[0m
        [36m</button>[39m
        [36m<button[39m
          [33mclass[39m=[32m"tab "[39m
        [36m>[39m
          [0mAudit Logs[0m
        [36m</button>[39m
        [36m<button[39m
          [33mclass[39m=[32m"tab "[39m
        [36m>[39m
          [0mSecurity[0m
        [36m</button>[39m
      [36m</div>[39m
      [36m<div[39m
        [33mclass[39m=[32m"card"[39m
      [36m>[39m
        [36m<div[39m
          [33mclass[39m=[32m"flex items-center justify-between mb-4"[39m
        [36m>[39m
          [36m<h2[39m
            [33mclass[39m=[32m"!mb-0"[39m
          [36m>[39m
            [0mSSO / OIDC (Keycloak)[0m
          [36m</h2>[39m
          [36m<div[39m
            [33mclass[39m=[32m"flex flex-col items-end"[39m
          [36m>[39m
            [36m<span[39m
              [33mclass[39m=[32m"text-[10px] uppercase tracking-wider text-txt-tertiary font-bold mb-1"[39m
            [36m>[39m
              [0mCallback URL[0m
            [36m</span>[39m
            [36m<code[39m
              [33mclass[39m=[32m"text-[11px] bg-surface-tertiary px-2 py-1 rounded border border-border font-mono text-accent"[39m
            [36m>[39m
              [0mhttp://localhost:3000/api/auth/sso/callback[0m
            [36m</code>[39m
          [36m</div>[39m
        [36m</div>[39m
        [36m<div[39m
          [33mclass[39m=[32m"form-group"[39m
        [36m>[39m
          [36m<label>[39m
            [0mIssuer URL[0m
          [36m</label>[39m
          [36m<input[39m
            [33mplaceholder[39m=[32m"https://keycloak.example.com/realms/strata"[39m
            [33mvalue[39m=[32m"https://keycloak.example.com/realms/test"[39m
          [36m/>[39m
        [36m</div>[39m
        [36m<div[39m
          [33mclass[39m=[32m"form-group"[39m
        [36m>[39m
          [36m<label>[39m
            [0mClient ID[0m
          [36m</label>[39m
          [36m<input[39m
            [33mvalue[39m=[32m"strata-client"[39m
          [36m/>[39m
        [36m</div>[39m
        [36m<div[39m
          [33mclass[39m=[32m"form-group"[39m
        [36m>[39m
          [36m<label>[39m
            [0mClient Secret[0m
          [36m</label>[39m
          [36m<input[39m
            [33mplaceholder[39m=[32m""[39m
            [33mtype[39m=[32m"password"[39m
            [33mvalue[39m=[32m""[39m
          [36m/>[39m
        [36m</div>[39m
        [36m<div[39m
          [33mclass[39m=[32m"flex items-center gap-3"[39m
        [36m>[39m
          [36m<button[39m
            [33mclass[39m=[32m"btn-primary"[39m
          [36m>[39m
            [0mSave SSO Settings[0m
          [36m</button>[39m
          [36m<button[39m
            [33mclass[39m=[32m"btn"[39m
            [33mdisabled[39m=[32m""[39m
          [36m>[39m
            [0mTest Connection[0m
          [36m</button>[39m
        [36m</div>[39m
      [36m</div>[39m
    [36m</div>[39m
  [36m</div>[39m
[36m</body>[39m
[90m [2mÔØ»[22m waitForWrapper node_modules/@testing-library/dom/dist/wait-for.js:[2m163:27[22m[39m
[90m [2mÔØ»[22m node_modules/@testing-library/dom/dist/query-helpers.js:[2m86:33[22m[39m
[36m [2mÔØ»[22m src/__tests__/AdminSettings.test.tsx:[2m316:25[22m[39m
    [90m314|[39m     [35mawait[39m screen[33m.[39m[34mfindByDisplayValue[39m([32m'strata-client'[39m)[33m;[39m
    [90m315|[39m     [35mawait[39m user[33m.[39m[34mclick[39m(screen[33m.[39m[34mgetByText[39m([32m'Test 
Connection'[39m))[33m;[39m
    [90m316|[39m     expect(await screen.findByText('Connection refused')).toBeInTheDocÔÇª
    [90m   |[39m                         [31m^[39m
    [90m317|[39m   })[33m;[39m
    [90m318|[39m

[31m[2mÔÄ»ÔÄ»ÔÄ»ÔÄ»ÔÄ»ÔÄ»ÔÄ»ÔÄ»ÔÄ»ÔÄ»ÔÄ»ÔÄ»ÔÄ»ÔÄ»ÔÄ»ÔÄ»ÔÄ»ÔÄ»ÔÄ»ÔÄ»ÔÄ»ÔÄ»ÔÄ»[5/39]ÔÄ»[22m[39m

[41m[1m FAIL [22m[49m src/__tests__/AdminSettings.test.tsx[2m > [22mSsoTab[2m > [22mshows Testing├óÔé¼┬ª text while test is in 
progress
[31m[1mTestingLibraryElementError[22m: Unable to find an element with the text: Testing├óÔé¼┬ª. This could be because the text is 
broken up by multiple elements. In this case, you can provide a function for your text matcher to make your matcher more flexible.

Ignored nodes: comments, script, style
[36m<body>[31m
  [36m<div>[31m
    [36m<div>[31m
      [36m<h1>[31m
        [0mAdmin Settings[0m
      [36m</h1>[31m
      [36m<div[31m
        [33mclass[31m=[32m"tabs"[31m
      [36m>[31m
        [36m<button[31m
          [33mclass[31m=[32m"tab "[31m
        [36m>[31m
          [0mHealth[0m
        [36m</button>[31m
        [36m<button[31m
          [33mclass[31m=[32m"tab tab-active"[31m
        [36m>[31m
          [0mSSO / OIDC[0m
        [36m</button>[31m
        [36m<button[31m
          [33mclass[31m=[32m"tab "[31m
        [36m>[31m
          [0mKerberos[0m
        [36m</button>[31m
        [36m<button[31m
          [33mclass[31m=[32m"tab "[31m
        [36m>[31m
          [0mVault[0m
        [36m</button>[31m
        [36m<button[31m
          [33mclass[31m=[32m"tab "[31m
        [36m>[31m
          [0mRecordings[0m
        [36m</button>[31m
        [36m<button[31m
          [33mclass[31m=[32m"tab "[31m
        [36m>[31m
          [0mAccess[0m
        [36m</button>[31m
        [36m<button[31m
          [33mclass[31m=[32m"tab "[31m
        [36m>[31m
          [0mAD Sync[0m
        [36m</button>[31m
        [36m<button[31m
          [33mclass[31m=[32m"tab "[31m
        [36m>[31m
          [0mAudit Logs[0m
        [36m</button>[31m
        [36m<button[31m
          [33mclass[31m=[32m"tab "[31m
        [36m>[31m
          [0mSecurity[0m
        [36m</button>[31m
      [36m</div>[31m
      [36m<div[31m
        [33mclass[31m=[32m"card"[31m
      [36m>[31m
        [36m<div[31m
          [33mclass[31m=[32m"flex items-center justify-between mb-4"[31m
        [36m>[31m
          [36m<h2[31m
            [33mclass[31m=[32m"!mb-0"[31m
          [36m>[31m
            [0mSSO / OIDC (Keycloak)[0m
          [36m</h2>[31m
          [36m<div[31m
            [33mclass[31m=[32m"flex flex-col items-end"[31m
          [36m>[31m
            [36m<span[31m
              [33mclass[31m=[32m"text-[10px] uppercase tracking-wider text-txt-tertiary font-bold mb-1"[31m
            [36m>[31m
              [0mCallback URL[0m
            [36m</span>[31m
            [36m<code[31m
              [33mclass[31m=[32m"text-[11px] bg-surface-tertiary px-2 py-1 rounded border border-border font-mono text-accent"[31m
            [36m>[31m
              [0mhttp://localhost:3000/api/auth/sso/callback[0m
            [36m</code>[31m
          [36m</div>[31m
        [36m</div>[31m
        [36m<div[31m
          [33mclass[31m=[32m"form-group"[31m
        [36m>[31m
          [36m<label>[31m
            [0mIssuer URL[0m
          [36m</label>[31m
          [36m<input[31m
            [33mplaceholder[31m=[32m"https://keycloak.example.com/realms/strata"[31m
            [33mvalue[31m=[32m"https://keycloak.example.com/realms/test"[31m
          [36m/>[31m
        [36m</div>[31m
        [36m<div[31m
          [33mclass[31m=[32m"form-group"[31m
        [36m>[31m
          [36m<label>[31m
            [0mClient ID[0m
          [36m</label>[31m
          [36m<input[31m
            [33mvalue[31m=[32m"strata-client"[31m
          [36m/>[31m
        [36m</div>[31m
        [36m<div[31m
          [33mclass[31m=[32m"form-group"[31m
        [36m>[31m
          [36m<label>[31m
            [0mClient Secret[0m
          [36m</label>[31m
          [36m<input[31m
            [33mplaceholder[31m=[32m""[31m
            [33mtype[31m=[32m"password"[31m
            [33mvalue[31m=[32m""[31m
          [36m/>[31m
        [36m</div>[31m
        [36m<div[31m
          [33mclass[31m=[32m"flex items-center gap-3"[31m
        [36m>[31m
          [36m<button[31m
            [33mclass[31m=[32m"btn-primary"[31m
          [36m>[31m
            [0mSave SSO Settings[0m
          [36m</button>[31m
          [36m<button[31m
            [33mclass[31m=[32m"btn"[31m
            [33mdisabled[31m=[32m""[31m
          [36m>[31m
            [0mTest Connection[0m
          [36m</button>[31m
        [36m</div>[31m
      [36m</div>[31m
    [36m</div>[31m
  [36m</div>[31m
[36m</body>[31m[39m
[90m [2mÔØ»[22m Object.getElementError node_modules/@testing-library/dom/dist/config.js:[2m37:19[22m[39m
[90m [2mÔØ»[22m node_modules/@testing-library/dom/dist/query-helpers.js:[2m76:38[22m[39m
[90m [2mÔØ»[22m node_modules/@testing-library/dom/dist/query-helpers.js:[2m52:17[22m[39m
[90m [2mÔØ»[22m node_modules/@testing-library/dom/dist/query-helpers.js:[2m95:19[22m[39m
[36m [2mÔØ»[22m src/__tests__/AdminSettings.test.tsx:[2m346:19[22m[39m
    [90m344|[39m     [35mawait[39m screen[33m.[39m[34mfindByDisplayValue[39m([32m'strata-client'[39m)[33m;[39m
    [90m345|[39m     [35mawait[39m user[33m.[39m[34mclick[39m(screen[33m.[39m[34mgetByText[39m([32m'Test 
Connection'[39m))[33m;[39m
    [90m346|[39m     
[34mexpect[39m(screen[33m.[39m[34mgetByText[39m([32m'Testing├óÔé¼┬ª'[39m))[33m.[39m[34mtoBeInTheDocument[39m()[33m;[39m
    [90m   |[39m                   [31m^[39m
    [90m347|[39m   })[33m;[39m
    [90m348|[39m

[31m[2mÔÄ»ÔÄ»ÔÄ»ÔÄ»ÔÄ»ÔÄ»ÔÄ»ÔÄ»ÔÄ»ÔÄ»ÔÄ»ÔÄ»ÔÄ»ÔÄ»ÔÄ»ÔÄ»ÔÄ»ÔÄ»ÔÄ»ÔÄ»ÔÄ»ÔÄ»ÔÄ»[6/39]ÔÄ»[22m[39m

[41m[1m FAIL [22m[49m src/__tests__/AdminSettings.test.tsx[2m > [22mSsoTab[2m > [22mrenders callback URL
[31m[1mTestingLibraryElementError[22m[39m: Unable to find an element with the text: /\/api\/auth\/oidc\/callback/. This could be 
because the text is broken up by multiple elements. In this case, you can provide a function for your text matcher to make your matcher 
more flexible.

Ignored nodes: comments, script, style
[36m<body>[39m
  [36m<div>[39m
    [36m<div>[39m
      [36m<h1>[39m
        [0mAdmin Settings[0m
      [36m</h1>[39m
      [36m<div[39m
        [33mclass[39m=[32m"tabs"[39m
      [36m>[39m
        [36m<button[39m
          [33mclass[39m=[32m"tab "[39m
        [36m>[39m
          [0mHealth[0m
        [36m</button>[39m
        [36m<button[39m
          [33mclass[39m=[32m"tab tab-active"[39m
        [36m>[39m
          [0mSSO / OIDC[0m
        [36m</button>[39m
        [36m<button[39m
          [33mclass[39m=[32m"tab "[39m
        [36m>[39m
          [0mKerberos[0m
        [36m</button>[39m
        [36m<button[39m
          [33mclass[39m=[32m"tab "[39m
        [36m>[39m
          [0mVault[0m
        [36m</button>[39m
        [36m<button[39m
          [33mclass[39m=[32m"tab "[39m
        [36m>[39m
          [0mRecordings[0m
        [36m</button>[39m
        [36m<button[39m
          [33mclass[39m=[32m"tab "[39m
        [36m>[39m
          [0mAccess[0m
        [36m</button>[39m
        [36m<button[39m
          [33mclass[39m=[32m"tab "[39m
        [36m>[39m
          [0mAD Sync[0m
        [36m</button>[39m
        [36m<button[39m
          [33mclass[39m=[32m"tab "[39m
        [36m>[39m
          [0mAudit Logs[0m
        [36m</button>[39m
        [36m<button[39m
          [33mclass[39m=[32m"tab "[39m
        [36m>[39m
          [0mSecurity[0m
        [36m</button>[39m
      [36m</div>[39m
      [36m<div[39m
        [33mclass[39m=[32m"card"[39m
      [36m>[39m
        [36m<div[39m
          [33mclass[39m=[32m"flex items-center justify-between mb-4"[39m
        [36m>[39m
          [36m<h2[39m
            [33mclass[39m=[32m"!mb-0"[39m
          [36m>[39m
            [0mSSO / OIDC (Keycloak)[0m
          [36m</h2>[39m
          [36m<div[39m
            [33mclass[39m=[32m"flex flex-col items-end"[39m
          [36m>[39m
            [36m<span[39m
              [33mclass[39m=[32m"text-[10px] uppercase tracking-wider text-txt-tertiary font-bold mb-1"[39m
            [36m>[39m
              [0mCallback URL[0m
            [36m</span>[39m
            [36m<code[39m
              [33mclass[39m=[32m"text-[11px] bg-surface-tertiary px-2 py-1 rounded border border-border font-mono text-accent"[39m
            [36m>[39m
              [0mhttp://localhost:3000/api/auth/sso/callback[0m
            [36m</code>[39m
          [36m</div>[39m
        [36m</div>[39m
        [36m<div[39m
          [33mclass[39m=[32m"form-group"[39m
        [36m>[39m
          [36m<label>[39m
            [0mIssuer URL[0m
          [36m</label>[39m
          [36m<input[39m
            [33mplaceholder[39m=[32m"https://keycloak.example.com/realms/strata"[39m
            [33mvalue[39m=[32m"https://keycloak.example.com/realms/test"[39m
          [36m/>[39m
        [36m</div>[39m
        [36m<div[39m
          [33mclass[39m=[32m"form-group"[39m
        [36m>[39m
          [36m<label>[39m
            [0mClient ID[0m
          [36m</label>[39m
          [36m<input[39m
            [33mvalue[39m=[32m"strata-client"[39m
          [36m/>[39m
        [36m</div>[39m
        [36m<div[39m
          [33mclass[39m=[32m"form-group"[39m
        [36m>[39m
          [36m<label>[39m
            [0mClient Secret[0m
          [36m</label>[39m
          [36m<input[39m
            [33mplaceholder[39m=[32m""[39m
            [33mtype[39m=[32m"password"[39m
            [33mvalue[39m=[32m""[39m
          [36m/>[39m
        [36m</div>[39m
        [36m<div[39m
          [33mclass[39m=[32m"flex items-center gap-3"[39m
        [36m>[39m
          [36m<button[39m
            [33mclass[39m=[32m"btn-primary"[39m
          [36m>[39m
            [0mSave SSO Settings[0m
          [36m</button>[39m
          [36m<button[39m
            [33mclass[39m=[32m"btn"[39m
            [33mdisabled[39m=[32m""[39m
          [36m>[39m
            [0mTest Connection[0m
          [36m</button>[39m
        [36m</div>[39m
      [36m</div>[39m
    [36m</div>[39m
  [36m</div>[39m
[36m</body>[39m

Ignored nodes: comments, script, style
[36m<body>[39m
  [36m<div>[39m
    [36m<div>[39m
      [36m<h1>[39m
        [0mAdmin Settings[0m
      [36m</h1>[39m
      [36m<div[39m
        [33mclass[39m=[32m"tabs"[39m
      [36m>[39m
        [36m<button[39m
          [33mclass[39m=[32m"tab "[39m
        [36m>[39m
          [0mHealth[0m
        [36m</button>[39m
        [36m<button[39m
          [33mclass[39m=[32m"tab tab-active"[39m
        [36m>[39m
          [0mSSO / OIDC[0m
        [36m</button>[39m
        [36m<button[39m
          [33mclass[39m=[32m"tab "[39m
        [36m>[39m
          [0mKerberos[0m
        [36m</button>[39m
        [36m<button[39m
          [33mclass[39m=[32m"tab "[39m
        [36m>[39m
          [0mVault[0m
        [36m</button>[39m
        [36m<button[39m
          [33mclass[39m=[32m"tab "[39m
        [36m>[39m
          [0mRecordings[0m
        [36m</button>[39m
        [36m<button[39m
          [33mclass[39m=[32m"tab "[39m
        [36m>[39m
          [0mAccess[0m
        [36m</button>[39m
        [36m<button[39m
          [33mclass[39m=[32m"tab "[39m
        [36m>[39m
          [0mAD Sync[0m
        [36m</button>[39m
        [36m<button[39m
          [33mclass[39m=[32m"tab "[39m
        [36m>[39m
          [0mAudit Logs[0m
        [36m</button>[39m
        [36m<button[39m
          [33mclass[39m=[32m"tab "[39m
        [36m>[39m
          [0mSecurity[0m
        [36m</button>[39m
      [36m</div>[39m
      [36m<div[39m
        [33mclass[39m=[32m"card"[39m
      [36m>[39m
        [36m<div[39m
          [33mclass[39m=[32m"flex items-center justify-between mb-4"[39m
        [36m>[39m
          [36m<h2[39m
            [33mclass[39m=[32m"!mb-0"[39m
          [36m>[39m
            [0mSSO / OIDC (Keycloak)[0m
          [36m</h2>[39m
          [36m<div[39m
            [33mclass[39m=[32m"flex flex-col items-end"[39m
          [36m>[39m
            [36m<span[39m
              [33mclass[39m=[32m"text-[10px] uppercase tracking-wider text-txt-tertiary font-bold mb-1"[39m
            [36m>[39m
              [0mCallback URL[0m
            [36m</span>[39m
            [36m<code[39m
              [33mclass[39m=[32m"text-[11px] bg-surface-tertiary px-2 py-1 rounded border border-border font-mono text-accent"[39m
            [36m>[39m
              [0mhttp://localhost:3000/api/auth/sso/callback[0m
            [36m</code>[39m
          [36m</div>[39m
        [36m</div>[39m
        [36m<div[39m
          [33mclass[39m=[32m"form-group"[39m
        [36m>[39m
          [36m<label>[39m
            [0mIssuer URL[0m
          [36m</label>[39m
          [36m<input[39m
            [33mplaceholder[39m=[32m"https://keycloak.example.com/realms/strata"[39m
            [33mvalue[39m=[32m"https://keycloak.example.com/realms/test"[39m
          [36m/>[39m
        [36m</div>[39m
        [36m<div[39m
          [33mclass[39m=[32m"form-group"[39m
        [36m>[39m
          [36m<label>[39m
            [0mClient ID[0m
          [36m</label>[39m
          [36m<input[39m
            [33mvalue[39m=[32m"strata-client"[39m
          [36m/>[39m
        [36m</div>[39m
        [36m<div[39m
          [33mclass[39m=[32m"form-group"[39m
        [36m>[39m
          [36m<label>[39m
            [0mClient Secret[0m
          [36m</label>[39m
          [36m<input[39m
            [33mplaceholder[39m=[32m""[39m
            [33mtype[39m=[32m"password"[39m
            [33mvalue[39m=[32m""[39m
          [36m/>[39m
        [36m</div>[39m
        [36m<div[39m
          [33mclass[39m=[32m"flex items-center gap-3"[39m
        [36m>[39m
          [36m<button[39m
            [33mclass[39m=[32m"btn-primary"[39m
          [36m>[39m
            [0mSave SSO Settings[0m
          [36m</button>[39m
          [36m<button[39m
            [33mclass[39m=[32m"btn"[39m
            [33mdisabled[39m=[32m""[39m
          [36m>[39m
            [0mTest Connection[0m
          [36m</button>[39m
        [36m</div>[39m
      [36m</div>[39m
    [36m</div>[39m
  [36m</div>[39m
[36m</body>[39m
[90m [2mÔØ»[22m waitForWrapper node_modules/@testing-library/dom/dist/wait-for.js:[2m163:27[22m[39m
[90m [2mÔØ»[22m node_modules/@testing-library/dom/dist/query-helpers.js:[2m86:33[22m[39m
[36m [2mÔØ»[22m src/__tests__/AdminSettings.test.tsx:[2m353:25[22m[39m
    [90m351|[39m     [34mrenderAdmin[39m()[33m;[39m
    [90m352|[39m     [35mawait[39m user[33m.[39m[34mclick[39m(screen[33m.[39m[34mgetByText[39m([32m'SSO / 
OIDC'[39m))[33m;[39m
    [90m353|[39m     expect(await screen.findByText(/\/api\/auth\/oidc\/callback/)).toBÔÇª
    [90m   |[39m                         [31m^[39m
    [90m354|[39m   })[33m;[39m
    [90m355|[39m

[31m[2mÔÄ»ÔÄ»ÔÄ»ÔÄ»ÔÄ»ÔÄ»ÔÄ»ÔÄ»ÔÄ»ÔÄ»ÔÄ»ÔÄ»ÔÄ»ÔÄ»ÔÄ»ÔÄ»ÔÄ»ÔÄ»ÔÄ»ÔÄ»ÔÄ»ÔÄ»ÔÄ»[7/39]ÔÄ»[22m[39m

[41m[1m FAIL [22m[49m src/__tests__/AdminSettings.test.tsx[2m > [22mSsoTab[2m > [22mhandles non-Error exception in test connection
[31m[1mTestingLibraryElementError[22m[39m: Unable to find an element with the text: Test failed. This could be because the text is 
broken up by multiple elements. In this case, you can provide a function for your text matcher to make your matcher more flexible.

Ignored nodes: comments, script, style
[36m<body>[39m
  [36m<div>[39m
    [36m<div>[39m
      [36m<h1>[39m
        [0mAdmin Settings[0m
      [36m</h1>[39m
      [36m<div[39m
        [33mclass[39m=[32m"tabs"[39m
      [36m>[39m
        [36m<button[39m
          [33mclass[39m=[32m"tab "[39m
        [36m>[39m
          [0mHealth[0m
        [36m</button>[39m
        [36m<button[39m
          [33mclass[39m=[32m"tab tab-active"[39m
        [36m>[39m
          [0mSSO / OIDC[0m
        [36m</button>[39m
        [36m<button[39m
          [33mclass[39m=[32m"tab "[39m
        [36m>[39m
          [0mKerberos[0m
        [36m</button>[39m
        [36m<button[39m
          [33mclass[39m=[32m"tab "[39m
        [36m>[39m
          [0mVault[0m
        [36m</button>[39m
        [36m<button[39m
          [33mclass[39m=[32m"tab "[39m
        [36m>[39m
          [0mRecordings[0m
        [36m</button>[39m
        [36m<button[39m
          [33mclass[39m=[32m"tab "[39m
        [36m>[39m
          [0mAccess[0m
        [36m</button>[39m
        [36m<button[39m
          [33mclass[39m=[32m"tab "[39m
        [36m>[39m
          [0mAD Sync[0m
        [36m</button>[39m
        [36m<button[39m
          [33mclass[39m=[32m"tab "[39m
        [36m>[39m
          [0mAudit Logs[0m
        [36m</button>[39m
        [36m<button[39m
          [33mclass[39m=[32m"tab "[39m
        [36m>[39m
          [0mSecurity[0m
        [36m</button>[39m
      [36m</div>[39m
      [36m<div[39m
        [33mclass[39m=[32m"card"[39m
      [36m>[39m
        [36m<div[39m
          [33mclass[39m=[32m"flex items-center justify-between mb-4"[39m
        [36m>[39m
          [36m<h2[39m
            [33mclass[39m=[32m"!mb-0"[39m
          [36m>[39m
            [0mSSO / OIDC (Keycloak)[0m
          [36m</h2>[39m
          [36m<div[39m
            [33mclass[39m=[32m"flex flex-col items-end"[39m
          [36m>[39m
            [36m<span[39m
              [33mclass[39m=[32m"text-[10px] uppercase tracking-wider text-txt-tertiary font-bold mb-1"[39m
            [36m>[39m
              [0mCallback URL[0m
            [36m</span>[39m
            [36m<code[39m
              [33mclass[39m=[32m"text-[11px] bg-surface-tertiary px-2 py-1 rounded border border-border font-mono text-accent"[39m
            [36m>[39m
              [0mhttp://localhost:3000/api/auth/sso/callback[0m
            [36m</code>[39m
          [36m</div>[39m
        [36m</div>[39m
        [36m<div[39m
          [33mclass[39m=[32m"form-group"[39m
        [36m>[39m
          [36m<label>[39m
            [0mIssuer URL[0m
          [36m</label>[39m
          [36m<input[39m
            [33mplaceholder[39m=[32m"https://keycloak.example.com/realms/strata"[39m
            [33mvalue[39m=[32m"https://keycloak.example.com/realms/test"[39m
          [36m/>[39m
        [36m</div>[39m
        [36m<div[39m
          [33mclass[39m=[32m"form-group"[39m
        [36m>[39m
          [36m<label>[39m
            [0mClient ID[0m
          [36m</label>[39m
          [36m<input[39m
            [33mvalue[39m=[32m"strata-client"[39m
          [36m/>[39m
        [36m</div>[39m
        [36m<div[39m
          [33mclass[39m=[32m"form-group"[39m
        [36m>[39m
          [36m<label>[39m
            [0mClient Secret[0m
          [36m</label>[39m
          [36m<input[39m
            [33mplaceholder[39m=[32m""[39m
            [33mtype[39m=[32m"password"[39m
            [33mvalue[39m=[32m""[39m
          [36m/>[39m
        [36m</div>[39m
        [36m<div[39m
          [33mclass[39m=[32m"flex items-center gap-3"[39m
        [36m>[39m
          [36m<button[39m
            [33mclass[39m=[32m"btn-primary"[39m
          [36m>[39m
            [0mSave SSO Settings[0m
          [36m</button>[39m
          [36m<button[39m
            [33mclass[39m=[32m"btn"[39m
            [33mdisabled[39m=[32m""[39m
          [36m>[39m
            [0mTest Connection[0m
          [36m</button>[39m
        [36m</div>[39m
      [36m</div>[39m
    [36m</div>[39m
  [36m</div>[39m
[36m</body>[39m

Ignored nodes: comments, script, style
[36m<body>[39m
  [36m<div>[39m
    [36m<div>[39m
      [36m<h1>[39m
        [0mAdmin Settings[0m
      [36m</h1>[39m
      [36m<div[39m
        [33mclass[39m=[32m"tabs"[39m
      [36m>[39m
        [36m<button[39m
          [33mclass[39m=[32m"tab "[39m
        [36m>[39m
          [0mHealth[0m
        [36m</button>[39m
        [36m<button[39m
          [33mclass[39m=[32m"tab tab-active"[39m
        [36m>[39m
          [0mSSO / OIDC[0m
        [36m</button>[39m
        [36m<button[39m
          [33mclass[39m=[32m"tab "[39m
        [36m>[39m
          [0mKerberos[0m
        [36m</button>[39m
        [36m<button[39m
          [33mclass[39m=[32m"tab "[39m
        [36m>[39m
          [0mVault[0m
        [36m</button>[39m
        [36m<button[39m
          [33mclass[39m=[32m"tab "[39m
        [36m>[39m
          [0mRecordings[0m
        [36m</button>[39m
        [36m<button[39m
          [33mclass[39m=[32m"tab "[39m
        [36m>[39m
          [0mAccess[0m
        [36m</button>[39m
        [36m<button[39m
          [33mclass[39m=[32m"tab "[39m
        [36m>[39m
          [0mAD Sync[0m
        [36m</button>[39m
        [36m<button[39m
          [33mclass[39m=[32m"tab "[39m
        [36m>[39m
          [0mAudit Logs[0m
        [36m</button>[39m
        [36m<button[39m
          [33mclass[39m=[32m"tab "[39m
        [36m>[39m
          [0mSecurity[0m
        [36m</button>[39m
      [36m</div>[39m
      [36m<div[39m
        [33mclass[39m=[32m"card"[39m
      [36m>[39m
        [36m<div[39m
          [33mclass[39m=[32m"flex items-center justify-between mb-4"[39m
        [36m>[39m
          [36m<h2[39m
            [33mclass[39m=[32m"!mb-0"[39m
          [36m>[39m
            [0mSSO / OIDC (Keycloak)[0m
          [36m</h2>[39m
          [36m<div[39m
            [33mclass[39m=[32m"flex flex-col items-end"[39m
          [36m>[39m
            [36m<span[39m
              [33mclass[39m=[32m"text-[10px] uppercase tracking-wider text-txt-tertiary font-bold mb-1"[39m
            [36m>[39m
              [0mCallback URL[0m
            [36m</span>[39m
            [36m<code[39m
              [33mclass[39m=[32m"text-[11px] bg-surface-tertiary px-2 py-1 rounded border border-border font-mono text-accent"[39m
            [36m>[39m
              [0mhttp://localhost:3000/api/auth/sso/callback[0m
            [36m</code>[39m
          [36m</div>[39m
        [36m</div>[39m
        [36m<div[39m
          [33mclass[39m=[32m"form-group"[39m
        [36m>[39m
          [36m<label>[39m
            [0mIssuer URL[0m
          [36m</label>[39m
          [36m<input[39m
            [33mplaceholder[39m=[32m"https://keycloak.example.com/realms/strata"[39m
            [33mvalue[39m=[32m"https://keycloak.example.com/realms/test"[39m
          [36m/>[39m
        [36m</div>[39m
        [36m<div[39m
          [33mclass[39m=[32m"form-group"[39m
        [36m>[39m
          [36m<label>[39m
            [0mClient ID[0m
          [36m</label>[39m
          [36m<input[39m
            [33mvalue[39m=[32m"strata-client"[39m
          [36m/>[39m
        [36m</div>[39m
        [36m<div[39m
          [33mclass[39m=[32m"form-group"[39m
        [36m>[39m
          [36m<label>[39m
            [0mClient Secret[0m
          [36m</label>[39m
          [36m<input[39m
            [33mplaceholder[39m=[32m""[39m
            [33mtype[39m=[32m"password"[39m
            [33mvalue[39m=[32m""[39m
          [36m/>[39m
        [36m</div>[39m
        [36m<div[39m
          [33mclass[39m=[32m"flex items-center gap-3"[39m
        [36m>[39m
          [36m<button[39m
            [33mclass[39m=[32m"btn-primary"[39m
          [36m>[39m
            [0mSave SSO Settings[0m
          [36m</button>[39m
          [36m<button[39m
            [33mclass[39m=[32m"btn"[39m
            [33mdisabled[39m=[32m""[39m
          [36m>[39m
            [0mTest Connection[0m
          [36m</button>[39m
        [36m</div>[39m
      [36m</div>[39m
    [36m</div>[39m
  [36m</div>[39m
[36m</body>[39m
[90m [2mÔØ»[22m waitForWrapper node_modules/@testing-library/dom/dist/wait-for.js:[2m163:27[22m[39m
[90m [2mÔØ»[22m node_modules/@testing-library/dom/dist/query-helpers.js:[2m86:33[22m[39m
[36m [2mÔØ»[22m src/__tests__/AdminSettings.test.tsx:[2m363:25[22m[39m
    [90m361|[39m     [35mawait[39m screen[33m.[39m[34mfindByDisplayValue[39m([32m'strata-client'[39m)[33m;[39m
    [90m362|[39m     [35mawait[39m user[33m.[39m[34mclick[39m(screen[33m.[39m[34mgetByText[39m([32m'Test 
Connection'[39m))[33m;[39m
    [90m363|[39m     [34mexpect[39m([35mawait[39m screen[33m.[39m[34mfindByText[39m([32m'Test 
failed'[39m))[33m.[39m[34mtoBeInTheDocument[39m()[33m;[39m
    [90m   |[39m                         [31m^[39m
    [90m364|[39m   })[33m;[39m
    [90m365|[39m })[33m;[39m

[31m[2mÔÄ»ÔÄ»ÔÄ»ÔÄ»ÔÄ»ÔÄ»ÔÄ»ÔÄ»ÔÄ»ÔÄ»ÔÄ»ÔÄ»ÔÄ»ÔÄ»ÔÄ»ÔÄ»ÔÄ»ÔÄ»ÔÄ»ÔÄ»ÔÄ»ÔÄ»ÔÄ»[8/39]ÔÄ»[22m[39m

[41m[1m FAIL [22m[49m src/__tests__/AdminSettings.test.tsx[2m > [22mKerberosTab[2m > [22madds and removes KDC fields
[31m[1mTestingLibraryElementError[22m[39m: Unable to find an element with the text: ├ó┼ôÔÇó. This could be because the text is broken 
up by multiple elements. In this case, you can provide a function for your text matcher to make your matcher more flexible.

Ignored nodes: comments, script, style
[36m<body>[39m
  [36m<div>[39m
    [36m<div>[39m
      [36m<h1>[39m
        [0mAdmin Settings[0m
      [36m</h1>[39m
      [36m<div[39m
        [33mclass[39m=[32m"tabs"[39m
      [36m>[39m
        [36m<button[39m
          [33mclass[39m=[32m"tab "[39m
        [36m>[39m
          [0mHealth[0m
        [36m</button>[39m
        [36m<button[39m
          [33mclass[39m=[32m"tab "[39m
        [36m>[39m
          [0mSSO / OIDC[0m
        [36m</button>[39m
        [36m<button[39m
          [33mclass[39m=[32m"tab tab-active"[39m
        [36m>[39m
          [0mKerberos[0m
        [36m</button>[39m
        [36m<button[39m
          [33mclass[39m=[32m"tab "[39m
        [36m>[39m
          [0mVault[0m
        [36m</button>[39m
        [36m<button[39m
          [33mclass[39m=[32m"tab "[39m
        [36m>[39m
          [0mRecordings[0m
        [36m</button>[39m
        [36m<button[39m
          [33mclass[39m=[32m"tab "[39m
        [36m>[39m
          [0mAccess[0m
        [36m</button>[39m
        [36m<button[39m
          [33mclass[39m=[32m"tab "[39m
        [36m>[39m
          [0mAD Sync[0m
        [36m</button>[39m
        [36m<button[39m
          [33mclass[39m=[32m"tab "[39m
        [36m>[39m
          [0mAudit Logs[0m
        [36m</button>[39m
        [36m<button[39m
          [33mclass[39m=[32m"tab "[39m
        [36m>[39m
          [0mSecurity[0m
        [36m</button>[39m
      [36m</div>[39m
      [36m<div>[39m
        [36m<div[39m
          [33mclass[39m=[32m"flex items-center justify-between mb-4"[39m
        [36m>[39m
          [36m<div>[39m
            [36m<h2[39m
              [33mclass[39m=[32m"!mb-0"[39m
            [36m>[39m
              [0mKerberos Realms[0m
            [36m</h2>[39m
            [36m<p[39m
              [33mclass[39m=[32m"text-txt-secondary text-sm mt-1"[39m
            [36m>[39m
              [0mConfigure one or more Active Directory domains / Kerberos realms. Each realm gets its own KDC configuration in the 
shared krb5.conf.[0m
            [36m</p>[39m
          [36m</div>[39m
          [36m<button[39m
            [33mclass[39m=[32m"btn-primary"[39m
          [36m>[39m
            [36m<span[39m
              [33mclass[39m=[32m"flex items-center gap-2"[39m
            [36m>[39m
              [36m<svg[39m
                [33mfill[39m=[32m"none"[39m
                [33mheight[39m=[32m"16"[39m
                [33mstroke[39m=[32m"currentColor"[39m
                [33mstroke-linecap[39m=[32m"round"[39m
                [33mstroke-linejoin[39m=[32m"round"[39m
                [33mstroke-width[39m=[32m"2"[39m
                [33mviewBox[39m=[32m"0 0 24 24"[39m
                [33mwidth[39m=[32m"16"[39m
              [36m>[39m
                [36m<line[39m
                  [33mx1[39m=[32m"12"[39m
                  [33mx2[39m=[32m"12"[39m
                  [33my1[39m=[32m"5"[39m
                  [33my2[39m=[32m"19"[39m
                [36m/>[39m
                [36m<line[39m
                  [33mx1[39m=[32m"5"[39m
                  [33mx2[39m=[32m"19"[39m
                  [33my1[39m=[32m"12"[39m
                  [33my2[39m=[32m"12"[39m
                [36m/>[39m
              [36m</svg>[39m
              [0mAdd Realm[0m
            [36m</span>[39m
          [36m</button>[39m
        [36m</div>[39m
        [36m<div[39m
          [33mclass[39m=[32m"card mb-4"[39m
          [33mstyle[39m=[32m"border: 1px solid var(--color-accent); box-shadow: var(--shadow-accent);"[39m
        [36m>[39m
          [36m<h3[39m
            [33mclass[39m=[32m"!mb-4"[39m
          [36m>[39m
            [0mNew Kerberos Realm[0m
          [36m</h3>[39m
          [36m<div[39m
            [33mclass[39m=[32m"form-group"[39m
          [36m>[39m
            [36m<label>[39m
              [0mRealm Name[0m
            [36m</label>[39m
            [36m<input[39m
              [33mplaceholder[39m=[32m"EXAMPLE.COM"[39m
              [33mvalue[39m=[32m""[39m
            [36m/>[39m
          [36m</div>[39m
          [36m<div[39m
            [33mclass[39m=[32m"form-group"[39m
          [36m>[39m
            [36m<label>[39m
              [0mKDC Servers[0m
            [36m</label>[39m
            [36m<div[39m
              [33mclass[39m=[32m"flex gap-2 mb-[0.4rem]"[39m
            [36m>[39m
              [36m<input[39m
                [33mplaceholder[39m=[32m"KDC 1 (e.g. dc1.example.com)"[39m
                [33mvalue[39m=[32m""[39m
              [36m/>[39m
              [36m<button[39m
                [33mclass[39m=[32m"btn !w-auto px-[0.7rem] py-[0.4rem] shrink-0"[39m
                [33mtype[39m=[32m"button"[39m
              [36m>[39m
                [0mÔ£ò[0m
              [36m</button>[39m
            [36m</div>[39m
            [36m<div[39m
              [33mclass[39m=[32m"flex gap-2 mb-[0.4rem]"[39m
            [36m>[39m
              [36m<input[39m
                [33mplaceholder[39m=[32m"KDC 2 (e.g. dc2.example.com)"[39m
                [33mvalue[39m=[32m""[39m
              [36m/>[39m
              [36m<button[39m
                [33mclass[39m=[32m"btn !w-auto px-[0.7rem] py-[0.4rem] shrink-0"[39m
                [33mtype[39m=[32m"button"[39m
              [36m>[39m
                [0mÔ£ò[0m
              [36m</button>[39m
            [36m</div>[39m
            [36m<button[39m
              [33mclass[39m=[32m"btn !w-auto mt-1 text-[0.8rem]"[39m
              [33mtype[39m=[32m"button"[39m
            [36m>[39m
              [0m+ Add KDC[0m
            [36m</button>[39m
          [36m</div>[39m
          [36m<div[39m
            [33mclass[39m=[32m"form-group"[39m
          [36m>[39m
            [36m<label>[39m
              [0mAdmin Server[0m
            [36m</label>[39m
            [36m<input[39m
              [33mplaceholder[39m=[32m"dc1.example.com"[39m
              [33mvalue[39m=[32m""[39m
            [36m/>[39m
          [36m</div>[39m
          [36m<div[39m
            [33mclass[39m=[32m"grid grid-cols-2 gap-3"[39m
          [36m>[39m
            [36m<div[39m
              [33mclass[39m=[32m"form-group"[39m
            [36m>[39m
              [36m<label>[39m
                [0mTicket Lifetime[0m
              [36m</label>[39m
              [36m<input[39m
                [33mplaceholder[39m=[32m"10h"[39m
                [33mvalue[39m=[32m"10h"[39m
              [36m/>[39m
            [36m</div>[39m
            [36m<div[39m
              [33mclass[39m=[32m"form-group"[39m
            [36m>[39m
              [36m<label>[39m
                [0mRenew Lifetime[0m
              [36m</label>[39m
              [36m<input[39m
                [33mplaceholder[39m=[32m"7d"[39m
                [33mvalue[39m=[32m"7d"[39m
              [36m/>[39m
            [36m</div>[39m
          [36m</div>[39m
          [36m<div[39m
            [33mclass[39m=[32m"flex items-center gap-3"[39m
          [36m>[39m
            [36m<label[39m
              [33mclass[39m=[32m"flex items-center gap-2 cursor-pointer !mb-0"[39m
            [36m>[39m
              [36m<input[39m
                [33mchecked[39m=[32m""[39m
                [33mclass[39m=[32m"checkbox"[39m
                [33mtype[39m=[32m"checkbox"[39m
              [36m/>[39m
              [36m<span[39m
                [33mclass[39m=[32m"text-sm"[39m
              [36m>[39m
                [0mDefault realm[0m
              [36m</span>[39m
            [36m</label>[39m
          [36m</div>[39m
          [36m<div[39m
            [33mclass[39m=[32m"flex items-center gap-3 mt-4"[39m
          [36m>[39m
            [36m<button[39m
              [33mclass[39m=[32m"btn-primary"[39m
            [36m>[39m
              [0mCreate Realm[0m
            [36m</button>[39m
            [36m<button[39m
              [33mclass[39m=[32m"btn"[39m
            [36m>[39m
              [0mCancel[0m
            [36m</button>[39m
          [36m</div>[39m
        [36m</div>[39m
        [36m<div[39m
          [33mclass[39m=[32m"flex flex-col gap-3"[39m
        [36m/>[39m
      [36m</div>[39m
    [36m</div>[39m
  [36m</div>[39m
[36m</body>[39m
[90m [2mÔØ»[22m Object.getElementError node_modules/@testing-library/dom/dist/config.js:[2m37:19[22m[39m
[90m [2mÔØ»[22m node_modules/@testing-library/dom/dist/query-helpers.js:[2m76:38[22m[39m
[90m [2mÔØ»[22m node_modules/@testing-library/dom/dist/query-helpers.js:[2m109:15[22m[39m
[36m [2mÔØ»[22m src/__tests__/AdminSettings.test.tsx:[2m500:34[22m[39m
    [90m498|[39m     [35mawait[39m user[33m.[39m[34mclick[39m(screen[33m.[39m[34mgetByText[39m([32m'+ Add 
KDC'[39m))[33m;[39m
    [90m499|[39m     [90m// Now 2 KDC fields, should have remove buttons[39m
    [90m500|[39m     [35mconst[39m removeButtons [33m=[39m screen[33m.[39m[34mgetAllByText[39m([32m'├ó┼ôÔÇó'[39m)[33m;[39m
    [90m   |[39m                                  [31m^[39m
    [90m501|[39m     [34mexpect[39m(removeButtons[33m.[39mlength)[33m.[39m[34mtoBe[39m([34m2[39m)[33m;[39m
    [90m502|[39m     [35mawait[39m user[33m.[39m[34mclick[39m(removeButtons[[34m0[39m])[33m;[39m

[31m[2mÔÄ»ÔÄ»ÔÄ»ÔÄ»ÔÄ»ÔÄ»ÔÄ»ÔÄ»ÔÄ»ÔÄ»ÔÄ»ÔÄ»ÔÄ»ÔÄ»ÔÄ»ÔÄ»ÔÄ»ÔÄ»ÔÄ»ÔÄ»ÔÄ»ÔÄ»ÔÄ»[9/39]ÔÄ»[22m[39m

[41m[1m FAIL [22m[49m src/__tests__/AdminSettings.test.tsx[2m > [22mKerberosTab[2m > [22mshows Saving├óÔé¼┬ª text during save
[31m[1mTestingLibraryElementError[22m[39m: Unable to find an element with the text: Saving├óÔé¼┬ª. This could be because the text is 
broken up by multiple elements. In this case, you can provide a function for your text matcher to make your matcher more flexible.

Ignored nodes: comments, script, style
[36m<body>[39m
  [36m<div>[39m
    [36m<div>[39m
      [36m<h1>[39m
        [0mAdmin Settings[0m
      [36m</h1>[39m
      [36m<div[39m
        [33mclass[39m=[32m"tabs"[39m
      [36m>[39m
        [36m<button[39m
          [33mclass[39m=[32m"tab "[39m
        [36m>[39m
          [0mHealth[0m
        [36m</button>[39m
        [36m<button[39m
          [33mclass[39m=[32m"tab "[39m
        [36m>[39m
          [0mSSO / OIDC[0m
        [36m</button>[39m
        [36m<button[39m
          [33mclass[39m=[32m"tab tab-active"[39m
        [36m>[39m
          [0mKerberos[0m
        [36m</button>[39m
        [36m<button[39m
          [33mclass[39m=[32m"tab "[39m
        [36m>[39m
          [0mVault[0m
        [36m</button>[39m
        [36m<button[39m
          [33mclass[39m=[32m"tab "[39m
        [36m>[39m
          [0mRecordings[0m
        [36m</button>[39m
        [36m<button[39m
          [33mclass[39m=[32m"tab "[39m
        [36m>[39m
          [0mAccess[0m
        [36m</button>[39m
        [36m<button[39m
          [33mclass[39m=[32m"tab "[39m
        [36m>[39m
          [0mAD Sync[0m
        [36m</button>[39m
        [36m<button[39m
          [33mclass[39m=[32m"tab "[39m
        [36m>[39m
          [0mAudit Logs[0m
        [36m</button>[39m
        [36m<button[39m
          [33mclass[39m=[32m"tab "[39m
        [36m>[39m
          [0mSecurity[0m
        [36m</button>[39m
      [36m</div>[39m
      [36m<div>[39m
        [36m<div[39m
          [33mclass[39m=[32m"flex items-center justify-between mb-4"[39m
        [36m>[39m
          [36m<div>[39m
            [36m<h2[39m
              [33mclass[39m=[32m"!mb-0"[39m
            [36m>[39m
              [0mKerberos Realms[0m
            [36m</h2>[39m
